[2.753s] Invoking command in '/home/nvidia/f1tenth_ws/build/pure_pursuit': /usr/bin/cmake /home/nvidia/f1tenth_ws/src/pure_pursuit -DCMAKE_INSTALL_PREFIX=/home/nvidia/f1tenth_ws/install/pure_pursuit
[3.595s] -- The C compiler identification is GNU 9.4.0
[4.522s] -- The CXX compiler identification is GNU 9.4.0
[4.590s] -- Check for working C compiler: /usr/bin/cc
[5.296s] -- Check for working C compiler: /usr/bin/cc -- works
[5.303s] -- Detecting C compiler ABI info
[5.825s] -- Detecting C compiler ABI info - done
[5.956s] -- Detecting C compile features
[5.960s] -- Detecting C compile features - done
[5.992s] -- Check for working CXX compiler: /usr/bin/c++
[6.633s] -- Check for working CXX compiler: /usr/bin/c++ -- works
[6.637s] -- Detecting CXX compiler ABI info
[7.328s] -- Detecting CXX compiler ABI info - done
[7.431s] -- Detecting CXX compile features
[7.434s] -- Detecting CXX compile features - done
[7.499s] CMake Error at CMakeLists.txt:29 (find_package):
[7.500s]   By not providing "Findament_cmake.cmake" in CMAKE_MODULE_PATH this project
[7.503s]   has asked CMake to find a package configuration file provided by
[7.503s]   "ament_cmake", but CMake did not find one.
[7.504s] 
[7.504s]   Could not find a package configuration file provided by "ament_cmake" with
[7.505s]   any of the following names:
[7.508s] 
[7.509s]     ament_cmakeConfig.cmake
[7.509s]     ament_cmake-config.cmake
[7.510s] 
[7.511s]   Add the installation prefix of "ament_cmake" to CMAKE_PREFIX_PATH or set
[7.512s]   "ament_cmake_DIR" to a directory containing one of the above files.  If
[7.513s]   "ament_cmake" provides a separate development package or SDK, be sure it
[7.513s]   has been installed.
[7.513s] 
[7.514s] 
[7.514s] -- Configuring incomplete, errors occurred!
[7.515s] See also "/home/nvidia/f1tenth_ws/build/pure_pursuit/CMakeFiles/CMakeOutput.log".
[8.076s] Invoked command in '/home/nvidia/f1tenth_ws/build/pure_pursuit' returned '1': /usr/bin/cmake /home/nvidia/f1tenth_ws/src/pure_pursuit -DCMAKE_INSTALL_PREFIX=/home/nvidia/f1tenth_ws/install/pure_pursuit
