[5.969s] Invoking command in '/home/nvidia/f1tenth_ws/src/phasespace': PYTHONPATH=/home/nvidia/f1tenth_ws/build/phasespace/prefix_override:/usr/lib/python3/dist-packages/colcon_core/task/python/colcon_distutils_commands:/home/nvidia/f1tenth_ws/install/phasespace/lib/python3.8/site-packages: /usr/bin/python3 -W ignore:setup.py install is deprecated setup.py egg_info --egg-base ../../build/phasespace build --build-base /home/nvidia/f1tenth_ws/build/phasespace/build install --record /home/nvidia/f1tenth_ws/build/phasespace/install.log --install-scripts $base/lib/phasespace --single-version-externally-managed install_data
[7.161s] running egg_info
[7.164s] writing ../../build/phasespace/phasespace.egg-info/PKG-INFO
[7.166s] writing dependency_links to ../../build/phasespace/phasespace.egg-info/dependency_links.txt
[7.169s] writing entry points to ../../build/phasespace/phasespace.egg-info/entry_points.txt
[7.170s] writing requirements to ../../build/phasespace/phasespace.egg-info/requires.txt
[7.171s] writing top-level names to ../../build/phasespace/phasespace.egg-info/top_level.txt
[7.369s] reading manifest file '../../build/phasespace/phasespace.egg-info/SOURCES.txt'
[7.375s] writing manifest file '../../build/phasespace/phasespace.egg-info/SOURCES.txt'
[7.375s] running build
[7.376s] running build_py
[7.377s] running install
[7.382s] running install_lib
[7.392s] running install_data
[7.392s] running install_egg_info
[7.402s] removing '/home/nvidia/f1tenth_ws/install/phasespace/lib/python3.8/site-packages/phasespace-0.0.0-py3.8.egg-info' (and everything under it)
[7.405s] Copying ../../build/phasespace/phasespace.egg-info to /home/nvidia/f1tenth_ws/install/phasespace/lib/python3.8/site-packages/phasespace-0.0.0-py3.8.egg-info
[7.412s] running install_scripts
[7.524s] Installing phasespace_node script to /home/nvidia/f1tenth_ws/install/phasespace/lib/phasespace
[7.528s] writing list of installed files to '/home/nvidia/f1tenth_ws/build/phasespace/install.log'
[7.643s] Invoked command in '/home/nvidia/f1tenth_ws/src/phasespace' returned '0': PYTHONPATH=/home/nvidia/f1tenth_ws/build/phasespace/prefix_override:/usr/lib/python3/dist-packages/colcon_core/task/python/colcon_distutils_commands:/home/nvidia/f1tenth_ws/install/phasespace/lib/python3.8/site-packages: /usr/bin/python3 -W ignore:setup.py install is deprecated setup.py egg_info --egg-base ../../build/phasespace build --build-base /home/nvidia/f1tenth_ws/build/phasespace/build install --record /home/nvidia/f1tenth_ws/build/phasespace/install.log --install-scripts $base/lib/phasespace --single-version-externally-managed install_data
