Performing C SOURCE FILE Test CMAKE_HAVE_LIBC_PTHREAD failed with the following output:
Change Dir: /home/nvidia/f1tenth_ws/build/ackermann_mux/CMakeFiles/CMakeTmp

Run Build Command(s):/usr/bin/make cmTC_114ab/fast && /usr/bin/make -f CMakeFiles/cmTC_114ab.dir/build.make CMakeFiles/cmTC_114ab.dir/build
make[1]: Entering directory '/home/nvidia/f1tenth_ws/build/ackermann_mux/CMakeFiles/CMakeTmp'
Building C object CMakeFiles/cmTC_114ab.dir/src.c.o
/usr/bin/cc   -DCMAKE_HAVE_LIBC_PTHREAD   -o CMakeFiles/cmTC_114ab.dir/src.c.o   -c /home/nvidia/f1tenth_ws/build/ackermann_mux/CMakeFiles/CMakeTmp/src.c
Linking C executable cmTC_114ab
/usr/bin/cmake -E cmake_link_script CMakeFiles/cmTC_114ab.dir/link.txt --verbose=1
/usr/bin/cc  -DCMAKE_HAVE_LIBC_PTHREAD    CMakeFiles/cmTC_114ab.dir/src.c.o  -o cmTC_114ab 
/usr/bin/ld: CMakeFiles/cmTC_114ab.dir/src.c.o: in function `main':
src.c:(.text+0x48): undefined reference to `pthread_create'
/usr/bin/ld: src.c:(.text+0x50): undefined reference to `pthread_detach'
/usr/bin/ld: src.c:(.text+0x5c): undefined reference to `pthread_join'
collect2: error: ld returned 1 exit status
make[1]: *** [CMakeFiles/cmTC_114ab.dir/build.make:87: cmTC_114ab] Error 1
make[1]: Leaving directory '/home/nvidia/f1tenth_ws/build/ackermann_mux/CMakeFiles/CMakeTmp'
make: *** [Makefile:121: cmTC_114ab/fast] Error 2


Source file was:
#include <pthread.h>

void* test_func(void* data)
{
  return data;
}

int main(void)
{
  pthread_t thread;
  pthread_create(&thread, NULL, test_func, NULL);
  pthread_detach(thread);
  pthread_join(thread, NULL);
  pthread_atfork(NULL, NULL, NULL);
  pthread_exit(NULL);

  return 0;
}

Determining if the function pthread_create exists in the pthreads failed with the following output:
Change Dir: /home/nvidia/f1tenth_ws/build/ackermann_mux/CMakeFiles/CMakeTmp

Run Build Command(s):/usr/bin/make cmTC_e7445/fast && /usr/bin/make -f CMakeFiles/cmTC_e7445.dir/build.make CMakeFiles/cmTC_e7445.dir/build
make[1]: Entering directory '/home/nvidia/f1tenth_ws/build/ackermann_mux/CMakeFiles/CMakeTmp'
make[1]: Warning: File '/usr/share/cmake-3.16/Modules/CheckFunctionExists.c' has modification time 632925831 s in the future
Building C object CMakeFiles/cmTC_e7445.dir/CheckFunctionExists.c.o
/usr/bin/cc   -DCHECK_FUNCTION_EXISTS=pthread_create   -o CMakeFiles/cmTC_e7445.dir/CheckFunctionExists.c.o   -c /usr/share/cmake-3.16/Modules/CheckFunctionExists.c
Linking C executable cmTC_e7445
/usr/bin/cmake -E cmake_link_script CMakeFiles/cmTC_e7445.dir/link.txt --verbose=1
/usr/bin/cc  -DCHECK_FUNCTION_EXISTS=pthread_create    CMakeFiles/cmTC_e7445.dir/CheckFunctionExists.c.o  -o cmTC_e7445  -lpthreads 
/usr/bin/ld: cannot find -lpthreads
collect2: error: ld returned 1 exit status
make[1]: *** [CMakeFiles/cmTC_e7445.dir/build.make:87: cmTC_e7445] Error 1
make[1]: Leaving directory '/home/nvidia/f1tenth_ws/build/ackermann_mux/CMakeFiles/CMakeTmp'
make: *** [Makefile:121: cmTC_e7445/fast] Error 2



