[5.666s] Invoking command in '/home/nvidia/f1tenth_ws/src/phasespace': PYTHONPATH=/home/nvidia/f1tenth_ws/build/phasespace/prefix_override:/usr/lib/python3/dist-packages/colcon_core/task/python/colcon_distutils_commands:/home/nvidia/f1tenth_ws/install/phasespace/lib/python3.8/site-packages:${PYTHONPATH} /usr/bin/python3 -W ignore:setup.py install is deprecated setup.py egg_info --egg-base ../../build/phasespace build --build-base /home/nvidia/f1tenth_ws/build/phasespace/build install --record /home/nvidia/f1tenth_ws/build/phasespace/install.log --install-scripts $base/lib/phasespace --single-version-externally-managed install_data
[7.018s] running egg_info
[7.020s] writing ../../build/phasespace/phasespace.egg-info/PKG-INFO
[7.023s] writing dependency_links to ../../build/phasespace/phasespace.egg-info/dependency_links.txt
[7.025s] writing entry points to ../../build/phasespace/phasespace.egg-info/entry_points.txt
[7.025s] writing requirements to ../../build/phasespace/phasespace.egg-info/requires.txt
[7.026s] writing top-level names to ../../build/phasespace/phasespace.egg-info/top_level.txt
[7.210s] reading manifest file '../../build/phasespace/phasespace.egg-info/SOURCES.txt'
[7.214s] writing manifest file '../../build/phasespace/phasespace.egg-info/SOURCES.txt'
[7.215s] running build
[7.217s] running build_py
[7.218s] running install
[7.222s] running install_lib
[7.231s] running install_data
[7.232s] running install_egg_info
[7.240s] removing '/home/nvidia/f1tenth_ws/install/phasespace/lib/python3.8/site-packages/phasespace-0.0.0-py3.8.egg-info' (and everything under it)
[7.242s] Copying ../../build/phasespace/phasespace.egg-info to /home/nvidia/f1tenth_ws/install/phasespace/lib/python3.8/site-packages/phasespace-0.0.0-py3.8.egg-info
[7.249s] running install_scripts
[7.337s] Installing phasespace_node script to /home/nvidia/f1tenth_ws/install/phasespace/lib/phasespace
[7.340s] writing list of installed files to '/home/nvidia/f1tenth_ws/build/phasespace/install.log'
[7.710s] Invoked command in '/home/nvidia/f1tenth_ws/src/phasespace' returned '0': PYTHONPATH=/home/nvidia/f1tenth_ws/build/phasespace/prefix_override:/usr/lib/python3/dist-packages/colcon_core/task/python/colcon_distutils_commands:/home/nvidia/f1tenth_ws/install/phasespace/lib/python3.8/site-packages:${PYTHONPATH} /usr/bin/python3 -W ignore:setup.py install is deprecated setup.py egg_info --egg-base ../../build/phasespace build --build-base /home/nvidia/f1tenth_ws/build/phasespace/build install --record /home/nvidia/f1tenth_ws/build/phasespace/install.log --install-scripts $base/lib/phasespace --single-version-externally-managed install_data
