[6.366s] Invoking command in '/home/nvidia/f1tenth_ws/src/mapping': PYTHONPATH=/home/nvidia/f1tenth_ws/build/mapping/prefix_override:/usr/lib/python3/dist-packages/colcon_core/task/python/colcon_distutils_commands:/home/nvidia/f1tenth_ws/install/mapping/lib/python3.8/site-packages: /usr/bin/python3 -W ignore:setup.py install is deprecated setup.py egg_info --egg-base ../../build/mapping build --build-base /home/nvidia/f1tenth_ws/build/mapping/build install --record /home/nvidia/f1tenth_ws/build/mapping/install.log --install-scripts $base/lib/mapping --single-version-externally-managed install_data
[7.590s] running egg_info
[7.594s] writing ../../build/mapping/mapping.egg-info/PKG-INFO
[7.597s] writing dependency_links to ../../build/mapping/mapping.egg-info/dependency_links.txt
[7.600s] writing entry points to ../../build/mapping/mapping.egg-info/entry_points.txt
[7.603s] writing requirements to ../../build/mapping/mapping.egg-info/requires.txt
[7.604s] writing top-level names to ../../build/mapping/mapping.egg-info/top_level.txt
[7.838s] reading manifest file '../../build/mapping/mapping.egg-info/SOURCES.txt'
[7.841s] writing manifest file '../../build/mapping/mapping.egg-info/SOURCES.txt'
[7.842s] running build
[7.842s] running build_py
[7.843s] running install
[7.846s] running install_lib
[7.852s] running install_data
[7.853s] running install_egg_info
[7.863s] removing '/home/nvidia/f1tenth_ws/install/mapping/lib/python3.8/site-packages/mapping-0.0.0-py3.8.egg-info' (and everything under it)
[7.867s] Copying ../../build/mapping/mapping.egg-info to /home/nvidia/f1tenth_ws/install/mapping/lib/python3.8/site-packages/mapping-0.0.0-py3.8.egg-info
[7.872s] running install_scripts
[7.969s] Installing local_gradient_node script to /home/nvidia/f1tenth_ws/install/mapping/lib/mapping
[7.971s] Installing local_mapping_node script to /home/nvidia/f1tenth_ws/install/mapping/lib/mapping
[7.975s] writing list of installed files to '/home/nvidia/f1tenth_ws/build/mapping/install.log'
[8.176s] Invoked command in '/home/nvidia/f1tenth_ws/src/mapping' returned '0': PYTHONPATH=/home/nvidia/f1tenth_ws/build/mapping/prefix_override:/usr/lib/python3/dist-packages/colcon_core/task/python/colcon_distutils_commands:/home/nvidia/f1tenth_ws/install/mapping/lib/python3.8/site-packages: /usr/bin/python3 -W ignore:setup.py install is deprecated setup.py egg_info --egg-base ../../build/mapping build --build-base /home/nvidia/f1tenth_ws/build/mapping/build install --record /home/nvidia/f1tenth_ws/build/mapping/install.log --install-scripts $base/lib/mapping --single-version-externally-managed install_data
