[9.342s] Invoking command in '/home/nvidia/f1tenth_ws/src/phasespace': PYTHONPATH=/home/nvidia/f1tenth_ws/build/phasespace/prefix_override:/usr/lib/python3/dist-packages/colcon_core/task/python/colcon_distutils_commands:/home/nvidia/f1tenth_ws/install/phasespace/lib/python3.8/site-packages:${PYTHONPATH} /usr/bin/python3 -W ignore:setup.py install is deprecated setup.py egg_info --egg-base ../../build/phasespace build --build-base /home/nvidia/f1tenth_ws/build/phasespace/build install --record /home/nvidia/f1tenth_ws/build/phasespace/install.log --install-scripts $base/lib/phasespace --single-version-externally-managed install_data
[13.080s] running egg_info
[13.113s] creating ../../build/phasespace/phasespace.egg-info
[13.115s] writing ../../build/phasespace/phasespace.egg-info/PKG-INFO
[13.117s] writing dependency_links to ../../build/phasespace/phasespace.egg-info/dependency_links.txt
[13.118s] writing entry points to ../../build/phasespace/phasespace.egg-info/entry_points.txt
[13.119s] writing requirements to ../../build/phasespace/phasespace.egg-info/requires.txt
[13.120s] writing top-level names to ../../build/phasespace/phasespace.egg-info/top_level.txt
[13.128s] writing manifest file '../../build/phasespace/phasespace.egg-info/SOURCES.txt'
[13.694s] reading manifest file '../../build/phasespace/phasespace.egg-info/SOURCES.txt'
[13.697s] writing manifest file '../../build/phasespace/phasespace.egg-info/SOURCES.txt'
[13.720s] running build
[13.720s] running build_py
[13.721s] creating /home/nvidia/f1tenth_ws/build/phasespace/build
[13.723s] creating /home/nvidia/f1tenth_ws/build/phasespace/build/lib
[13.723s] creating /home/nvidia/f1tenth_ws/build/phasespace/build/lib/phasespace
[13.724s] copying phasespace/__init__.py -> /home/nvidia/f1tenth_ws/build/phasespace/build/lib/phasespace
[13.725s] copying phasespace/phasespace_node_ros2.py -> /home/nvidia/f1tenth_ws/build/phasespace/build/lib/phasespace
[13.731s] running install
[13.736s] running install_lib
[13.758s] creating /home/nvidia/f1tenth_ws/install/phasespace/lib/python3.8/site-packages/phasespace
[13.759s] copying /home/nvidia/f1tenth_ws/build/phasespace/build/lib/phasespace/__init__.py -> /home/nvidia/f1tenth_ws/install/phasespace/lib/python3.8/site-packages/phasespace
[13.767s] copying /home/nvidia/f1tenth_ws/build/phasespace/build/lib/phasespace/phasespace_node_ros2.py -> /home/nvidia/f1tenth_ws/install/phasespace/lib/python3.8/site-packages/phasespace
[13.771s] byte-compiling /home/nvidia/f1tenth_ws/install/phasespace/lib/python3.8/site-packages/phasespace/__init__.py to __init__.cpython-38.pyc
[13.803s] byte-compiling /home/nvidia/f1tenth_ws/install/phasespace/lib/python3.8/site-packages/phasespace/phasespace_node_ros2.py to phasespace_node_ros2.cpython-38.pyc
[14.049s] running install_data
[14.050s] creating /home/nvidia/f1tenth_ws/install/phasespace/share/ament_index
[14.051s] creating /home/nvidia/f1tenth_ws/install/phasespace/share/ament_index/resource_index
[14.051s] creating /home/nvidia/f1tenth_ws/install/phasespace/share/ament_index/resource_index/packages
[14.052s] copying resource/phasespace -> /home/nvidia/f1tenth_ws/install/phasespace/share/ament_index/resource_index/packages
[14.053s] copying package.xml -> /home/nvidia/f1tenth_ws/install/phasespace/share/phasespace
[14.053s] running install_egg_info
[14.065s] Copying ../../build/phasespace/phasespace.egg-info to /home/nvidia/f1tenth_ws/install/phasespace/lib/python3.8/site-packages/phasespace-0.0.0-py3.8.egg-info
[14.086s] running install_scripts
[14.328s] Installing phasespace_node script to /home/nvidia/f1tenth_ws/install/phasespace/lib/phasespace
[14.333s] writing list of installed files to '/home/nvidia/f1tenth_ws/build/phasespace/install.log'
[14.714s] Invoked command in '/home/nvidia/f1tenth_ws/src/phasespace' returned '0': PYTHONPATH=/home/nvidia/f1tenth_ws/build/phasespace/prefix_override:/usr/lib/python3/dist-packages/colcon_core/task/python/colcon_distutils_commands:/home/nvidia/f1tenth_ws/install/phasespace/lib/python3.8/site-packages:${PYTHONPATH} /usr/bin/python3 -W ignore:setup.py install is deprecated setup.py egg_info --egg-base ../../build/phasespace build --build-base /home/nvidia/f1tenth_ws/build/phasespace/build install --record /home/nvidia/f1tenth_ws/build/phasespace/install.log --install-scripts $base/lib/phasespace --single-version-externally-managed install_data
