[8.442s] Invoking command in '/home/nvidia/f1tenth_ws/src/f1tenth_controllers': PYTHONPATH=/home/nvidia/f1tenth_ws/build/f1tenth_controllers/prefix_override:/usr/lib/python3/dist-packages/colcon_core/task/python/colcon_distutils_commands:/home/nvidia/f1tenth_ws/install/f1tenth_controllers/lib/python3.8/site-packages:${PYTHONPATH} /usr/bin/python3 -W ignore:setup.py install is deprecated setup.py egg_info --egg-base ../../build/f1tenth_controllers build --build-base /home/nvidia/f1tenth_ws/build/f1tenth_controllers/build install --record /home/nvidia/f1tenth_ws/build/f1tenth_controllers/install.log --install-scripts $base/lib/f1tenth_controllers --single-version-externally-managed install_data
[10.525s] running egg_info
[10.526s] creating ../../build/f1tenth_controllers/f1tenth_controllers.egg-info
[10.526s] writing ../../build/f1tenth_controllers/f1tenth_controllers.egg-info/PKG-INFO
[10.527s] writing dependency_links to ../../build/f1tenth_controllers/f1tenth_controllers.egg-info/dependency_links.txt
[10.527s] writing entry points to ../../build/f1tenth_controllers/f1tenth_controllers.egg-info/entry_points.txt
[10.527s] writing requirements to ../../build/f1tenth_controllers/f1tenth_controllers.egg-info/requires.txt
[10.528s] writing top-level names to ../../build/f1tenth_controllers/f1tenth_controllers.egg-info/top_level.txt
[10.530s] writing manifest file '../../build/f1tenth_controllers/f1tenth_controllers.egg-info/SOURCES.txt'
[10.537s] reading manifest file '../../build/f1tenth_controllers/f1tenth_controllers.egg-info/SOURCES.txt'
[10.537s] writing manifest file '../../build/f1tenth_controllers/f1tenth_controllers.egg-info/SOURCES.txt'
[10.538s] running build
[10.538s] running build_py
[10.538s] creating /home/nvidia/f1tenth_ws/build/f1tenth_controllers/build
[10.539s] creating /home/nvidia/f1tenth_ws/build/f1tenth_controllers/build/lib
[10.540s] creating /home/nvidia/f1tenth_ws/build/f1tenth_controllers/build/lib/f1tenth_controllers
[10.540s] copying f1tenth_controllers/__init__.py -> /home/nvidia/f1tenth_ws/build/f1tenth_controllers/build/lib/f1tenth_controllers
[10.541s] copying f1tenth_controllers/follow_the_gap_node.py -> /home/nvidia/f1tenth_ws/build/f1tenth_controllers/build/lib/f1tenth_controllers
[10.552s] running install
[10.568s] running install_lib
[10.569s] creating /home/nvidia/f1tenth_ws/install/f1tenth_controllers/lib/python3.8/site-packages/f1tenth_controllers
[10.569s] copying /home/nvidia/f1tenth_ws/build/f1tenth_controllers/build/lib/f1tenth_controllers/__init__.py -> /home/nvidia/f1tenth_ws/install/f1tenth_controllers/lib/python3.8/site-packages/f1tenth_controllers
[10.569s] copying /home/nvidia/f1tenth_ws/build/f1tenth_controllers/build/lib/f1tenth_controllers/follow_the_gap_node.py -> /home/nvidia/f1tenth_ws/install/f1tenth_controllers/lib/python3.8/site-packages/f1tenth_controllers
[10.576s] byte-compiling /home/nvidia/f1tenth_ws/install/f1tenth_controllers/lib/python3.8/site-packages/f1tenth_controllers/__init__.py to __init__.cpython-38.pyc
[10.590s] byte-compiling /home/nvidia/f1tenth_ws/install/f1tenth_controllers/lib/python3.8/site-packages/f1tenth_controllers/follow_the_gap_node.py to follow_the_gap_node.cpython-38.pyc
[10.616s] running install_data
[10.617s] creating /home/nvidia/f1tenth_ws/install/f1tenth_controllers/share/ament_index
[10.617s] creating /home/nvidia/f1tenth_ws/install/f1tenth_controllers/share/ament_index/resource_index
[10.618s] creating /home/nvidia/f1tenth_ws/install/f1tenth_controllers/share/ament_index/resource_index/packages
[10.619s] copying resource/f1tenth_controllers -> /home/nvidia/f1tenth_ws/install/f1tenth_controllers/share/ament_index/resource_index/packages
[10.619s] copying package.xml -> /home/nvidia/f1tenth_ws/install/f1tenth_controllers/share/f1tenth_controllers
[10.633s] running install_egg_info
[10.653s] Copying ../../build/f1tenth_controllers/f1tenth_controllers.egg-info to /home/nvidia/f1tenth_ws/install/f1tenth_controllers/lib/python3.8/site-packages/f1tenth_controllers-0.0.0-py3.8.egg-info
[10.660s] running install_scripts
[10.773s] Installing follow_the_gap_node script to /home/nvidia/f1tenth_ws/install/f1tenth_controllers/lib/f1tenth_controllers
[10.775s] writing list of installed files to '/home/nvidia/f1tenth_ws/build/f1tenth_controllers/install.log'
[12.459s] Invoked command in '/home/nvidia/f1tenth_ws/src/f1tenth_controllers' returned '0': PYTHONPATH=/home/nvidia/f1tenth_ws/build/f1tenth_controllers/prefix_override:/usr/lib/python3/dist-packages/colcon_core/task/python/colcon_distutils_commands:/home/nvidia/f1tenth_ws/install/f1tenth_controllers/lib/python3.8/site-packages:${PYTHONPATH} /usr/bin/python3 -W ignore:setup.py install is deprecated setup.py egg_info --egg-base ../../build/f1tenth_controllers build --build-base /home/nvidia/f1tenth_ws/build/f1tenth_controllers/build install --record /home/nvidia/f1tenth_ws/build/f1tenth_controllers/install.log --install-scripts $base/lib/f1tenth_controllers --single-version-externally-managed install_data
