make[2]: Warning: File '/opt/ros/foxy/share/geometry_msgs/msg/WrenchStamped.idl' has modification time 738475146 s in the future
make[2]: Warning: File '/opt/ros/foxy/share/geometry_msgs/msg/WrenchStamped.idl' has modification time 738475146 s in the future
make[2]: warning:  Clock skew detected.  Your build may be incomplete.
make[2]: Warning: File '/opt/ros/foxy/share/geometry_msgs/msg/WrenchStamped.idl' has modification time 738475139 s in the future
make[2]: warning:  Clock skew detected.  Your build may be incomplete.
make[2]: Warning: File '/opt/ros/foxy/share/geometry_msgs/msg/WrenchStamped.idl' has modification time 738475138 s in the future
make[2]: Warning: File '/opt/ros/foxy/share/geometry_msgs/msg/WrenchStamped.idl' has modification time 738475138 s in the future
make[2]: Warning: File '/opt/ros/foxy/share/geometry_msgs/msg/WrenchStamped.idl' has modification time 738475138 s in the future
make[2]: warning:  Clock skew detected.  Your build may be incomplete.
make[2]: Warning: File '/opt/ros/foxy/share/geometry_msgs/msg/WrenchStamped.idl' has modification time 738475131 s in the future
make[2]: warning:  Clock skew detected.  Your build may be incomplete.
make[2]: Warning: File '/opt/ros/foxy/share/geometry_msgs/msg/WrenchStamped.idl' has modification time 738475131 s in the future
make[2]: warning:  Clock skew detected.  Your build may be incomplete.
make[2]: Warning: File '/opt/ros/foxy/share/geometry_msgs/msg/WrenchStamped.idl' has modification time 738475130 s in the future
make[2]: warning:  Clock skew detected.  Your build may be incomplete.
make[2]: warning:  Clock skew detected.  Your build may be incomplete.
make[2]: warning:  Clock skew detected.  Your build may be incomplete.
make[2]: warning:  Clock skew detected.  Your build may be incomplete.
make[2]: Warning: File '/opt/ros/foxy/share/geometry_msgs/msg/WrenchStamped.idl' has modification time 738475109 s in the future
make[2]: warning:  Clock skew detected.  Your build may be incomplete.
make[2]: Warning: File '/opt/ros/foxy/share/geometry_msgs/msg/WrenchStamped.idl' has modification time 738475106 s in the future
make[2]: warning:  Clock skew detected.  Your build may be incomplete.
make[2]: Warning: File '/opt/ros/foxy/share/geometry_msgs/msg/WrenchStamped.idl' has modification time 738475100 s in the future
make[2]: warning:  Clock skew detected.  Your build may be incomplete.
make[2]: Warning: File '/opt/ros/foxy/share/geometry_msgs/msg/WrenchStamped.idl' has modification time 738475097 s in the future
make[2]: warning:  Clock skew detected.  Your build may be incomplete.
make[2]: Warning: File '/opt/ros/foxy/share/geometry_msgs/msg/WrenchStamped.idl' has modification time 738475084 s in the future
make[2]: warning:  Clock skew detected.  Your build may be incomplete.
make[2]: Warning: File '/opt/ros/foxy/share/geometry_msgs/msg/WrenchStamped.idl' has modification time 738475081 s in the future
make[2]: warning:  Clock skew detected.  Your build may be incomplete.
make[2]: Warning: File '/home/nvidia/f1tenth_ws/src/f1tenth_system/vesc/vesc_msgs/msg/VescState.msg' has modification time 777672176 s in the future
make[2]: warning:  Clock skew detected.  Your build may be incomplete.
make[2]: Warning: File '/opt/ros/foxy/share/geometry_msgs/msg/WrenchStamped.idl' has modification time 738475077 s in the future
make[2]: warning:  Clock skew detected.  Your build may be incomplete.
make[2]: Warning: File '/opt/ros/foxy/include/rosidl_runtime_c/visibility_control.h' has modification time 738463768 s in the future
make[2]: warning:  Clock skew detected.  Your build may be incomplete.
make[2]: Warning: File '/opt/ros/foxy/include/builtin_interfaces/msg/detail/time__struct.h' has modification time 738473772 s in the future
make[2]: Warning: File '/opt/ros/foxy/include/builtin_interfaces/msg/detail/time__struct.h' has modification time 738473772 s in the future
make[2]: warning:  Clock skew detected.  Your build may be incomplete.
make[2]: warning:  Clock skew detected.  Your build may be incomplete.
make[2]: Warning: File '/opt/ros/foxy/include/builtin_interfaces/msg/detail/time__struct.h' has modification time 738473771 s in the future
make[2]: warning:  Clock skew detected.  Your build may be incomplete.
