[3.619s] Invoking command in '/home/nvidia/f1tenth_ws/src/f1tenth_controllers': PYTHONPATH=/home/nvidia/f1tenth_ws/build/f1tenth_controllers/prefix_override:/usr/lib/python3/dist-packages/colcon_core/task/python/colcon_distutils_commands:/home/nvidia/f1tenth_ws/install/f1tenth_controllers/lib/python3.8/site-packages:${PYTHONPATH} /usr/bin/python3 -W ignore:setup.py install is deprecated setup.py egg_info --egg-base ../../build/f1tenth_controllers build --build-base /home/nvidia/f1tenth_ws/build/f1tenth_controllers/build install --record /home/nvidia/f1tenth_ws/build/f1tenth_controllers/install.log --install-scripts $base/lib/f1tenth_controllers --single-version-externally-managed install_data
[4.871s] running egg_info
[4.874s] writing ../../build/f1tenth_controllers/f1tenth_controllers.egg-info/PKG-INFO
[4.875s] writing dependency_links to ../../build/f1tenth_controllers/f1tenth_controllers.egg-info/dependency_links.txt
[4.876s] writing entry points to ../../build/f1tenth_controllers/f1tenth_controllers.egg-info/entry_points.txt
[4.877s] writing requirements to ../../build/f1tenth_controllers/f1tenth_controllers.egg-info/requires.txt
[4.878s] writing top-level names to ../../build/f1tenth_controllers/f1tenth_controllers.egg-info/top_level.txt
[5.060s] reading manifest file '../../build/f1tenth_controllers/f1tenth_controllers.egg-info/SOURCES.txt'
[5.065s] writing manifest file '../../build/f1tenth_controllers/f1tenth_controllers.egg-info/SOURCES.txt'
[5.066s] running build
[5.067s] running build_py
[5.067s] copying f1tenth_controllers/pure_pursuit_sim.py -> /home/nvidia/f1tenth_ws/build/f1tenth_controllers/build/lib/f1tenth_controllers
[5.069s] running install
[5.074s] running install_lib
[5.080s] copying /home/nvidia/f1tenth_ws/build/f1tenth_controllers/build/lib/f1tenth_controllers/pure_pursuit_sim.py -> /home/nvidia/f1tenth_ws/install/f1tenth_controllers/lib/python3.8/site-packages/f1tenth_controllers
[5.084s] byte-compiling /home/nvidia/f1tenth_ws/install/f1tenth_controllers/lib/python3.8/site-packages/f1tenth_controllers/pure_pursuit copy.py to pure_pursuit copy.cpython-38.pyc
[5.094s] byte-compiling /home/nvidia/f1tenth_ws/install/f1tenth_controllers/lib/python3.8/site-packages/f1tenth_controllers/pure_pursuit_sim.py to pure_pursuit_sim.cpython-38.pyc
[5.106s] byte-compiling /home/nvidia/f1tenth_ws/install/f1tenth_controllers/lib/python3.8/site-packages/f1tenth_controllers/__init__.py to __init__.cpython-38.pyc
[5.107s] byte-compiling /home/nvidia/f1tenth_ws/install/f1tenth_controllers/lib/python3.8/site-packages/f1tenth_controllers/follow_the_gap_node.py to follow_the_gap_node.cpython-38.pyc
[5.114s] running install_data
[5.115s] running install_egg_info
[5.124s] removing '/home/nvidia/f1tenth_ws/install/f1tenth_controllers/lib/python3.8/site-packages/f1tenth_controllers-0.0.0-py3.8.egg-info' (and everything under it)
[5.127s] Copying ../../build/f1tenth_controllers/f1tenth_controllers.egg-info to /home/nvidia/f1tenth_ws/install/f1tenth_controllers/lib/python3.8/site-packages/f1tenth_controllers-0.0.0-py3.8.egg-info
[5.131s] running install_scripts
[5.217s] Installing follow_the_gap_node script to /home/nvidia/f1tenth_ws/install/f1tenth_controllers/lib/f1tenth_controllers
[5.218s] Installing pure_pursuit_node script to /home/nvidia/f1tenth_ws/install/f1tenth_controllers/lib/f1tenth_controllers
[5.219s] Installing pure_pursuit_nodev2 script to /home/nvidia/f1tenth_ws/install/f1tenth_controllers/lib/f1tenth_controllers
[5.221s] writing list of installed files to '/home/nvidia/f1tenth_ws/build/f1tenth_controllers/install.log'
[5.325s] Invoked command in '/home/nvidia/f1tenth_ws/src/f1tenth_controllers' returned '0': PYTHONPATH=/home/nvidia/f1tenth_ws/build/f1tenth_controllers/prefix_override:/usr/lib/python3/dist-packages/colcon_core/task/python/colcon_distutils_commands:/home/nvidia/f1tenth_ws/install/f1tenth_controllers/lib/python3.8/site-packages:${PYTHONPATH} /usr/bin/python3 -W ignore:setup.py install is deprecated setup.py egg_info --egg-base ../../build/f1tenth_controllers build --build-base /home/nvidia/f1tenth_ws/build/f1tenth_controllers/build install --record /home/nvidia/f1tenth_ws/build/f1tenth_controllers/install.log --install-scripts $base/lib/f1tenth_controllers --single-version-externally-managed install_data
