[9.919s] Invoking command in '/home/nvidia/f1tenth_ws/src/new_map_saver': PYTHONPATH=/home/nvidia/f1tenth_ws/build/new_map_saver/prefix_override:/usr/lib/python3/dist-packages/colcon_core/task/python/colcon_distutils_commands:/home/nvidia/f1tenth_ws/install/new_map_saver/lib/python3.8/site-packages:${PYTHONPATH} /usr/bin/python3 -W ignore:setup.py install is deprecated setup.py egg_info --egg-base ../../build/new_map_saver build --build-base /home/nvidia/f1tenth_ws/build/new_map_saver/build install --record /home/nvidia/f1tenth_ws/build/new_map_saver/install.log --install-scripts $base/lib/new_map_saver --single-version-externally-managed install_data
[14.839s] running egg_info
[14.840s] creating ../../build/new_map_saver/new_map_saver.egg-info
[14.841s] writing ../../build/new_map_saver/new_map_saver.egg-info/PKG-INFO
[14.841s] writing dependency_links to ../../build/new_map_saver/new_map_saver.egg-info/dependency_links.txt
[14.842s] writing entry points to ../../build/new_map_saver/new_map_saver.egg-info/entry_points.txt
[14.849s] writing requirements to ../../build/new_map_saver/new_map_saver.egg-info/requires.txt
[14.850s] writing top-level names to ../../build/new_map_saver/new_map_saver.egg-info/top_level.txt
[14.850s] writing manifest file '../../build/new_map_saver/new_map_saver.egg-info/SOURCES.txt'
[15.028s] reading manifest file '../../build/new_map_saver/new_map_saver.egg-info/SOURCES.txt'
[15.058s] writing manifest file '../../build/new_map_saver/new_map_saver.egg-info/SOURCES.txt'
[15.059s] running build
[15.059s] running build_py
[15.059s] creating /home/nvidia/f1tenth_ws/build/new_map_saver/build
[15.060s] creating /home/nvidia/f1tenth_ws/build/new_map_saver/build/lib
[15.060s] creating /home/nvidia/f1tenth_ws/build/new_map_saver/build/lib/new_map_saver
[15.061s] copying new_map_saver/__init__.py -> /home/nvidia/f1tenth_ws/build/new_map_saver/build/lib/new_map_saver
[15.062s] running install
[15.113s] running install_lib
[15.145s] creating /home/nvidia/f1tenth_ws/install/new_map_saver/lib/python3.8/site-packages/new_map_saver
[15.147s] copying /home/nvidia/f1tenth_ws/build/new_map_saver/build/lib/new_map_saver/__init__.py -> /home/nvidia/f1tenth_ws/install/new_map_saver/lib/python3.8/site-packages/new_map_saver
[15.172s] byte-compiling /home/nvidia/f1tenth_ws/install/new_map_saver/lib/python3.8/site-packages/new_map_saver/__init__.py to __init__.cpython-38.pyc
[15.185s] running install_data
[15.186s] creating /home/nvidia/f1tenth_ws/install/new_map_saver/share/ament_index
[15.186s] creating /home/nvidia/f1tenth_ws/install/new_map_saver/share/ament_index/resource_index
[15.187s] creating /home/nvidia/f1tenth_ws/install/new_map_saver/share/ament_index/resource_index/packages
[15.187s] copying resource/new_map_saver -> /home/nvidia/f1tenth_ws/install/new_map_saver/share/ament_index/resource_index/packages
[15.187s] copying package.xml -> /home/nvidia/f1tenth_ws/install/new_map_saver/share/new_map_saver
[15.188s] creating /home/nvidia/f1tenth_ws/install/new_map_saver/share/new_map_saver/launch
[15.188s] copying launch/map_saver.launch.py -> /home/nvidia/f1tenth_ws/install/new_map_saver/share/new_map_saver/launch
[15.195s] creating /home/nvidia/f1tenth_ws/install/new_map_saver/share/new_map_saver/config
[15.214s] copying config/map_saver_params.yaml -> /home/nvidia/f1tenth_ws/install/new_map_saver/share/new_map_saver/config
[15.226s] running install_egg_info
[15.227s] Copying ../../build/new_map_saver/new_map_saver.egg-info to /home/nvidia/f1tenth_ws/install/new_map_saver/lib/python3.8/site-packages/new_map_saver-0.0.0-py3.8.egg-info
[15.287s] running install_scripts
[15.478s] writing list of installed files to '/home/nvidia/f1tenth_ws/build/new_map_saver/install.log'
[15.814s] Invoked command in '/home/nvidia/f1tenth_ws/src/new_map_saver' returned '0': PYTHONPATH=/home/nvidia/f1tenth_ws/build/new_map_saver/prefix_override:/usr/lib/python3/dist-packages/colcon_core/task/python/colcon_distutils_commands:/home/nvidia/f1tenth_ws/install/new_map_saver/lib/python3.8/site-packages:${PYTHONPATH} /usr/bin/python3 -W ignore:setup.py install is deprecated setup.py egg_info --egg-base ../../build/new_map_saver build --build-base /home/nvidia/f1tenth_ws/build/new_map_saver/build install --record /home/nvidia/f1tenth_ws/build/new_map_saver/install.log --install-scripts $base/lib/new_map_saver --single-version-externally-managed install_data
