[5.518s] Invoking command in '/home/nvidia/f1tenth_ws/src/f1tenth_system/teleop_tools/mouse_teleop': PYTHONPATH=/home/nvidia/f1tenth_ws/build/mouse_teleop/prefix_override:/usr/lib/python3/dist-packages/colcon_core/task/python/colcon_distutils_commands:/home/nvidia/f1tenth_ws/install/mouse_teleop/lib/python3.8/site-packages:${PYTHONPATH} /usr/bin/python3 -W ignore:setup.py install is deprecated setup.py egg_info --egg-base ../../../../build/mouse_teleop build --build-base /home/nvidia/f1tenth_ws/build/mouse_teleop/build install --record /home/nvidia/f1tenth_ws/build/mouse_teleop/install.log --install-scripts $base/lib/mouse_teleop --single-version-externally-managed install_data
[7.270s] running egg_info
[7.273s] creating ../../../../build/mouse_teleop/mouse_teleop.egg-info
[7.275s] writing ../../../../build/mouse_teleop/mouse_teleop.egg-info/PKG-INFO
[7.279s] writing dependency_links to ../../../../build/mouse_teleop/mouse_teleop.egg-info/dependency_links.txt
[7.282s] writing entry points to ../../../../build/mouse_teleop/mouse_teleop.egg-info/entry_points.txt
[7.282s] writing requirements to ../../../../build/mouse_teleop/mouse_teleop.egg-info/requires.txt
[7.283s] writing top-level names to ../../../../build/mouse_teleop/mouse_teleop.egg-info/top_level.txt
[7.289s] writing manifest file '../../../../build/mouse_teleop/mouse_teleop.egg-info/SOURCES.txt'
[7.518s] reading manifest file '../../../../build/mouse_teleop/mouse_teleop.egg-info/SOURCES.txt'
[7.523s] writing manifest file '../../../../build/mouse_teleop/mouse_teleop.egg-info/SOURCES.txt'
[7.524s] running build
[7.525s] running build_py
[7.526s] creating /home/nvidia/f1tenth_ws/build/mouse_teleop/build
[7.526s] creating /home/nvidia/f1tenth_ws/build/mouse_teleop/build/lib
[7.527s] creating /home/nvidia/f1tenth_ws/build/mouse_teleop/build/lib/mouse_teleop
[7.527s] copying mouse_teleop/__init__.py -> /home/nvidia/f1tenth_ws/build/mouse_teleop/build/lib/mouse_teleop
[7.528s] copying mouse_teleop/mouse_teleop.py -> /home/nvidia/f1tenth_ws/build/mouse_teleop/build/lib/mouse_teleop
[7.531s] running install
[7.538s] running install_lib
[7.548s] creating /home/nvidia/f1tenth_ws/install/mouse_teleop/lib/python3.8/site-packages/mouse_teleop
[7.549s] copying /home/nvidia/f1tenth_ws/build/mouse_teleop/build/lib/mouse_teleop/__init__.py -> /home/nvidia/f1tenth_ws/install/mouse_teleop/lib/python3.8/site-packages/mouse_teleop
[7.551s] copying /home/nvidia/f1tenth_ws/build/mouse_teleop/build/lib/mouse_teleop/mouse_teleop.py -> /home/nvidia/f1tenth_ws/install/mouse_teleop/lib/python3.8/site-packages/mouse_teleop
[7.564s] byte-compiling /home/nvidia/f1tenth_ws/install/mouse_teleop/lib/python3.8/site-packages/mouse_teleop/__init__.py to __init__.cpython-38.pyc
[7.573s] byte-compiling /home/nvidia/f1tenth_ws/install/mouse_teleop/lib/python3.8/site-packages/mouse_teleop/mouse_teleop.py to mouse_teleop.cpython-38.pyc
[7.589s] running install_data
[7.591s] copying package.xml -> /home/nvidia/f1tenth_ws/install/mouse_teleop/share/mouse_teleop
[7.592s] creating /home/nvidia/f1tenth_ws/install/mouse_teleop/share/mouse_teleop/config
[7.594s] copying config/mouse_teleop.yaml -> /home/nvidia/f1tenth_ws/install/mouse_teleop/share/mouse_teleop/config
[7.598s] creating /home/nvidia/f1tenth_ws/install/mouse_teleop/share/mouse_teleop/launch
[7.601s] copying launch/mouse_teleop.launch.py -> /home/nvidia/f1tenth_ws/install/mouse_teleop/share/mouse_teleop/launch
[7.612s] creating /home/nvidia/f1tenth_ws/install/mouse_teleop/share/ament_index
[7.613s] creating /home/nvidia/f1tenth_ws/install/mouse_teleop/share/ament_index/resource_index
[7.613s] creating /home/nvidia/f1tenth_ws/install/mouse_teleop/share/ament_index/resource_index/packages
[7.614s] copying resource/mouse_teleop -> /home/nvidia/f1tenth_ws/install/mouse_teleop/share/ament_index/resource_index/packages
[7.615s] running install_egg_info
[7.634s] Copying ../../../../build/mouse_teleop/mouse_teleop.egg-info to /home/nvidia/f1tenth_ws/install/mouse_teleop/lib/python3.8/site-packages/mouse_teleop-0.3.0-py3.8.egg-info
[7.641s] running install_scripts
[7.744s] Installing mouse_teleop script to /home/nvidia/f1tenth_ws/install/mouse_teleop/lib/mouse_teleop
[7.746s] writing list of installed files to '/home/nvidia/f1tenth_ws/build/mouse_teleop/install.log'
[7.875s] Invoked command in '/home/nvidia/f1tenth_ws/src/f1tenth_system/teleop_tools/mouse_teleop' returned '0': PYTHONPATH=/home/nvidia/f1tenth_ws/build/mouse_teleop/prefix_override:/usr/lib/python3/dist-packages/colcon_core/task/python/colcon_distutils_commands:/home/nvidia/f1tenth_ws/install/mouse_teleop/lib/python3.8/site-packages:${PYTHONPATH} /usr/bin/python3 -W ignore:setup.py install is deprecated setup.py egg_info --egg-base ../../../../build/mouse_teleop build --build-base /home/nvidia/f1tenth_ws/build/mouse_teleop/build install --record /home/nvidia/f1tenth_ws/build/mouse_teleop/install.log --install-scripts $base/lib/mouse_teleop --single-version-externally-managed install_data
