[7.789s] Invoking command in '/home/nvidia/f1tenth_ws/src/f1tenth_system/teleop_tools/key_teleop': PYTHONPATH=/home/nvidia/f1tenth_ws/build/key_teleop/prefix_override:/usr/lib/python3/dist-packages/colcon_core/task/python/colcon_distutils_commands:/home/nvidia/f1tenth_ws/install/key_teleop/lib/python3.8/site-packages:${PYTHONPATH} /usr/bin/python3 -W ignore:setup.py install is deprecated setup.py egg_info --egg-base ../../../../build/key_teleop build --build-base /home/nvidia/f1tenth_ws/build/key_teleop/build install --record /home/nvidia/f1tenth_ws/build/key_teleop/install.log --install-scripts $base/lib/key_teleop --single-version-externally-managed install_data
[9.919s] running egg_info
[9.925s] creating ../../../../build/key_teleop/key_teleop.egg-info
[9.926s] writing ../../../../build/key_teleop/key_teleop.egg-info/PKG-INFO
[9.926s] writing dependency_links to ../../../../build/key_teleop/key_teleop.egg-info/dependency_links.txt
[9.928s] writing entry points to ../../../../build/key_teleop/key_teleop.egg-info/entry_points.txt
[9.929s] writing requirements to ../../../../build/key_teleop/key_teleop.egg-info/requires.txt
[9.929s] writing top-level names to ../../../../build/key_teleop/key_teleop.egg-info/top_level.txt
[9.930s] writing manifest file '../../../../build/key_teleop/key_teleop.egg-info/SOURCES.txt'
[9.930s] reading manifest file '../../../../build/key_teleop/key_teleop.egg-info/SOURCES.txt'
[9.931s] writing manifest file '../../../../build/key_teleop/key_teleop.egg-info/SOURCES.txt'
[9.931s] running build
[9.932s] running build_py
[9.932s] creating /home/nvidia/f1tenth_ws/build/key_teleop/build
[9.932s] creating /home/nvidia/f1tenth_ws/build/key_teleop/build/lib
[9.933s] creating /home/nvidia/f1tenth_ws/build/key_teleop/build/lib/key_teleop
[9.937s] copying key_teleop/key_teleop.py -> /home/nvidia/f1tenth_ws/build/key_teleop/build/lib/key_teleop
[9.938s] copying key_teleop/__init__.py -> /home/nvidia/f1tenth_ws/build/key_teleop/build/lib/key_teleop
[9.938s] running install
[9.939s] running install_lib
[9.939s] creating /home/nvidia/f1tenth_ws/install/key_teleop/lib/python3.8/site-packages/key_teleop
[9.940s] copying /home/nvidia/f1tenth_ws/build/key_teleop/build/lib/key_teleop/key_teleop.py -> /home/nvidia/f1tenth_ws/install/key_teleop/lib/python3.8/site-packages/key_teleop
[9.940s] copying /home/nvidia/f1tenth_ws/build/key_teleop/build/lib/key_teleop/__init__.py -> /home/nvidia/f1tenth_ws/install/key_teleop/lib/python3.8/site-packages/key_teleop
[9.948s] byte-compiling /home/nvidia/f1tenth_ws/install/key_teleop/lib/python3.8/site-packages/key_teleop/key_teleop.py to key_teleop.cpython-38.pyc
[9.949s] byte-compiling /home/nvidia/f1tenth_ws/install/key_teleop/lib/python3.8/site-packages/key_teleop/__init__.py to __init__.cpython-38.pyc
[9.949s] running install_data
[9.950s] copying package.xml -> /home/nvidia/f1tenth_ws/install/key_teleop/share/key_teleop
[9.951s] creating /home/nvidia/f1tenth_ws/install/key_teleop/share/key_teleop/config
[9.951s] copying config/key_teleop.yaml -> /home/nvidia/f1tenth_ws/install/key_teleop/share/key_teleop/config
[9.952s] creating /home/nvidia/f1tenth_ws/install/key_teleop/share/ament_index
[9.952s] creating /home/nvidia/f1tenth_ws/install/key_teleop/share/ament_index/resource_index
[9.952s] creating /home/nvidia/f1tenth_ws/install/key_teleop/share/ament_index/resource_index/packages
[9.953s] copying resource/key_teleop -> /home/nvidia/f1tenth_ws/install/key_teleop/share/ament_index/resource_index/packages
[9.953s] running install_egg_info
[9.954s] Copying ../../../../build/key_teleop/key_teleop.egg-info to /home/nvidia/f1tenth_ws/install/key_teleop/lib/python3.8/site-packages/key_teleop-0.3.0-py3.8.egg-info
[9.954s] running install_scripts
[9.954s] Installing key_teleop script to /home/nvidia/f1tenth_ws/install/key_teleop/lib/key_teleop
[9.955s] writing list of installed files to '/home/nvidia/f1tenth_ws/build/key_teleop/install.log'
[10.059s] Invoked command in '/home/nvidia/f1tenth_ws/src/f1tenth_system/teleop_tools/key_teleop' returned '0': PYTHONPATH=/home/nvidia/f1tenth_ws/build/key_teleop/prefix_override:/usr/lib/python3/dist-packages/colcon_core/task/python/colcon_distutils_commands:/home/nvidia/f1tenth_ws/install/key_teleop/lib/python3.8/site-packages:${PYTHONPATH} /usr/bin/python3 -W ignore:setup.py install is deprecated setup.py egg_info --egg-base ../../../../build/key_teleop build --build-base /home/nvidia/f1tenth_ws/build/key_teleop/build install --record /home/nvidia/f1tenth_ws/build/key_teleop/install.log --install-scripts $base/lib/key_teleop --single-version-externally-managed install_data
