[6.928s] Invoking command in '/home/nvidia/f1tenth_ws/src/phasespace': PYTHONPATH=/home/nvidia/f1tenth_ws/build/phasespace/prefix_override:/usr/lib/python3/dist-packages/colcon_core/task/python/colcon_distutils_commands:/home/nvidia/f1tenth_ws/install/phasespace/lib/python3.8/site-packages:${PYTHONPATH} /usr/bin/python3 -W ignore:setup.py install is deprecated setup.py egg_info --egg-base ../../build/phasespace build --build-base /home/nvidia/f1tenth_ws/build/phasespace/build install --record /home/nvidia/f1tenth_ws/build/phasespace/install.log --install-scripts $base/lib/phasespace --single-version-externally-managed install_data
[8.896s] running egg_info
[8.897s] creating ../../build/phasespace/phasespace.egg-info
[8.898s] writing ../../build/phasespace/phasespace.egg-info/PKG-INFO
[8.898s] writing dependency_links to ../../build/phasespace/phasespace.egg-info/dependency_links.txt
[8.899s] writing entry points to ../../build/phasespace/phasespace.egg-info/entry_points.txt
[8.899s] writing requirements to ../../build/phasespace/phasespace.egg-info/requires.txt
[8.900s] writing top-level names to ../../build/phasespace/phasespace.egg-info/top_level.txt
[8.900s] writing manifest file '../../build/phasespace/phasespace.egg-info/SOURCES.txt'
[8.984s] reading manifest file '../../build/phasespace/phasespace.egg-info/SOURCES.txt'
[8.989s] writing manifest file '../../build/phasespace/phasespace.egg-info/SOURCES.txt'
[8.990s] running build
[8.990s] running build_py
[8.991s] creating /home/nvidia/f1tenth_ws/build/phasespace/build
[8.992s] creating /home/nvidia/f1tenth_ws/build/phasespace/build/lib
[8.992s] creating /home/nvidia/f1tenth_ws/build/phasespace/build/lib/phasespace
[8.994s] copying phasespace/__init__.py -> /home/nvidia/f1tenth_ws/build/phasespace/build/lib/phasespace
[8.994s] copying phasespace/phasespace_node_ros2.py -> /home/nvidia/f1tenth_ws/build/phasespace/build/lib/phasespace
[8.997s] running install
[9.003s] running install_lib
[9.011s] creating /home/nvidia/f1tenth_ws/install/phasespace/lib/python3.8/site-packages/phasespace
[9.013s] copying /home/nvidia/f1tenth_ws/build/phasespace/build/lib/phasespace/__init__.py -> /home/nvidia/f1tenth_ws/install/phasespace/lib/python3.8/site-packages/phasespace
[9.014s] copying /home/nvidia/f1tenth_ws/build/phasespace/build/lib/phasespace/phasespace_node_ros2.py -> /home/nvidia/f1tenth_ws/install/phasespace/lib/python3.8/site-packages/phasespace
[9.021s] byte-compiling /home/nvidia/f1tenth_ws/install/phasespace/lib/python3.8/site-packages/phasespace/__init__.py to __init__.cpython-38.pyc
[9.028s] byte-compiling /home/nvidia/f1tenth_ws/install/phasespace/lib/python3.8/site-packages/phasespace/phasespace_node_ros2.py to phasespace_node_ros2.cpython-38.pyc
[9.106s] running install_data
[9.107s] creating /home/nvidia/f1tenth_ws/install/phasespace/share/ament_index
[9.109s] creating /home/nvidia/f1tenth_ws/install/phasespace/share/ament_index/resource_index
[9.110s] creating /home/nvidia/f1tenth_ws/install/phasespace/share/ament_index/resource_index/packages
[9.112s] copying resource/phasespace -> /home/nvidia/f1tenth_ws/install/phasespace/share/ament_index/resource_index/packages
[9.115s] copying package.xml -> /home/nvidia/f1tenth_ws/install/phasespace/share/phasespace
[9.116s] running install_egg_info
[9.128s] Copying ../../build/phasespace/phasespace.egg-info to /home/nvidia/f1tenth_ws/install/phasespace/lib/python3.8/site-packages/phasespace-0.0.0-py3.8.egg-info
[9.136s] running install_scripts
[9.246s] Installing phasespace_node script to /home/nvidia/f1tenth_ws/install/phasespace/lib/phasespace
[9.250s] writing list of installed files to '/home/nvidia/f1tenth_ws/build/phasespace/install.log'
[9.382s] Invoked command in '/home/nvidia/f1tenth_ws/src/phasespace' returned '0': PYTHONPATH=/home/nvidia/f1tenth_ws/build/phasespace/prefix_override:/usr/lib/python3/dist-packages/colcon_core/task/python/colcon_distutils_commands:/home/nvidia/f1tenth_ws/install/phasespace/lib/python3.8/site-packages:${PYTHONPATH} /usr/bin/python3 -W ignore:setup.py install is deprecated setup.py egg_info --egg-base ../../build/phasespace build --build-base /home/nvidia/f1tenth_ws/build/phasespace/build install --record /home/nvidia/f1tenth_ws/build/phasespace/install.log --install-scripts $base/lib/phasespace --single-version-externally-managed install_data
