[3.740s] Invoking command in '/home/nvidia/f1tenth_ws/src/phasespace': PYTHONPATH=/home/nvidia/f1tenth_ws/build/phasespace/prefix_override:/usr/lib/python3/dist-packages/colcon_core/task/python/colcon_distutils_commands:/home/nvidia/f1tenth_ws/install/phasespace/lib/python3.8/site-packages:${PYTHONPATH} /usr/bin/python3 -W ignore:setup.py install is deprecated setup.py egg_info --egg-base ../../build/phasespace build --build-base /home/nvidia/f1tenth_ws/build/phasespace/build install --record /home/nvidia/f1tenth_ws/build/phasespace/install.log --install-scripts $base/lib/phasespace --single-version-externally-managed install_data
[5.006s] running egg_info
[5.008s] creating ../../build/phasespace/phasespace.egg-info
[5.009s] writing ../../build/phasespace/phasespace.egg-info/PKG-INFO
[5.010s] writing dependency_links to ../../build/phasespace/phasespace.egg-info/dependency_links.txt
[5.011s] writing entry points to ../../build/phasespace/phasespace.egg-info/entry_points.txt
[5.012s] writing requirements to ../../build/phasespace/phasespace.egg-info/requires.txt
[5.013s] writing top-level names to ../../build/phasespace/phasespace.egg-info/top_level.txt
[5.022s] writing manifest file '../../build/phasespace/phasespace.egg-info/SOURCES.txt'
[5.202s] reading manifest file '../../build/phasespace/phasespace.egg-info/SOURCES.txt'
[5.206s] writing manifest file '../../build/phasespace/phasespace.egg-info/SOURCES.txt'
[5.208s] running build
[5.209s] running build_py
[5.209s] creating /home/nvidia/f1tenth_ws/build/phasespace/build
[5.210s] creating /home/nvidia/f1tenth_ws/build/phasespace/build/lib
[5.211s] creating /home/nvidia/f1tenth_ws/build/phasespace/build/lib/phasespace
[5.211s] copying phasespace/__init__.py -> /home/nvidia/f1tenth_ws/build/phasespace/build/lib/phasespace
[5.212s] copying phasespace/phasespace_node_ros2.py -> /home/nvidia/f1tenth_ws/build/phasespace/build/lib/phasespace
[5.212s] running install
[5.217s] running install_lib
[5.222s] creating /home/nvidia/f1tenth_ws/install/phasespace/lib/python3.8/site-packages/phasespace
[5.223s] copying /home/nvidia/f1tenth_ws/build/phasespace/build/lib/phasespace/__init__.py -> /home/nvidia/f1tenth_ws/install/phasespace/lib/python3.8/site-packages/phasespace
[5.223s] copying /home/nvidia/f1tenth_ws/build/phasespace/build/lib/phasespace/phasespace_node_ros2.py -> /home/nvidia/f1tenth_ws/install/phasespace/lib/python3.8/site-packages/phasespace
[5.227s] byte-compiling /home/nvidia/f1tenth_ws/install/phasespace/lib/python3.8/site-packages/phasespace/__init__.py to __init__.cpython-38.pyc
[5.233s] byte-compiling /home/nvidia/f1tenth_ws/install/phasespace/lib/python3.8/site-packages/phasespace/phasespace_node_ros2.py to phasespace_node_ros2.cpython-38.pyc
[5.306s] running install_data
[5.307s] creating /home/nvidia/f1tenth_ws/install/phasespace/share/ament_index
[5.308s] creating /home/nvidia/f1tenth_ws/install/phasespace/share/ament_index/resource_index
[5.308s] creating /home/nvidia/f1tenth_ws/install/phasespace/share/ament_index/resource_index/packages
[5.309s] copying resource/phasespace -> /home/nvidia/f1tenth_ws/install/phasespace/share/ament_index/resource_index/packages
[5.309s] copying package.xml -> /home/nvidia/f1tenth_ws/install/phasespace/share/phasespace
[5.310s] running install_egg_info
[5.316s] Copying ../../build/phasespace/phasespace.egg-info to /home/nvidia/f1tenth_ws/install/phasespace/lib/python3.8/site-packages/phasespace-0.0.0-py3.8.egg-info
[5.322s] running install_scripts
[5.407s] Installing phasespace_node script to /home/nvidia/f1tenth_ws/install/phasespace/lib/phasespace
[5.409s] writing list of installed files to '/home/nvidia/f1tenth_ws/build/phasespace/install.log'
[5.513s] Invoked command in '/home/nvidia/f1tenth_ws/src/phasespace' returned '0': PYTHONPATH=/home/nvidia/f1tenth_ws/build/phasespace/prefix_override:/usr/lib/python3/dist-packages/colcon_core/task/python/colcon_distutils_commands:/home/nvidia/f1tenth_ws/install/phasespace/lib/python3.8/site-packages:${PYTHONPATH} /usr/bin/python3 -W ignore:setup.py install is deprecated setup.py egg_info --egg-base ../../build/phasespace build --build-base /home/nvidia/f1tenth_ws/build/phasespace/build install --record /home/nvidia/f1tenth_ws/build/phasespace/install.log --install-scripts $base/lib/phasespace --single-version-externally-managed install_data
