[7.419s] Invoking command in '/home/nvidia/f1tenth_ws/src/mapping': PYTHONPATH=/home/nvidia/f1tenth_ws/build/mapping/prefix_override:/usr/lib/python3/dist-packages/colcon_core/task/python/colcon_distutils_commands:/home/nvidia/f1tenth_ws/install/mapping/lib/python3.8/site-packages:${PYTHONPATH} /usr/bin/python3 -W ignore:setup.py install is deprecated setup.py egg_info --egg-base ../../build/mapping build --build-base /home/nvidia/f1tenth_ws/build/mapping/build install --record /home/nvidia/f1tenth_ws/build/mapping/install.log --install-scripts $base/lib/mapping --single-version-externally-managed install_data
[9.213s] running egg_info
[9.219s] creating ../../build/mapping/mapping.egg-info
[9.223s] writing ../../build/mapping/mapping.egg-info/PKG-INFO
[9.234s] writing dependency_links to ../../build/mapping/mapping.egg-info/dependency_links.txt
[9.248s] writing entry points to ../../build/mapping/mapping.egg-info/entry_points.txt
[9.248s] writing requirements to ../../build/mapping/mapping.egg-info/requires.txt
[9.249s] writing top-level names to ../../build/mapping/mapping.egg-info/top_level.txt
[9.267s] writing manifest file '../../build/mapping/mapping.egg-info/SOURCES.txt'
[9.471s] reading manifest file '../../build/mapping/mapping.egg-info/SOURCES.txt'
[9.475s] writing manifest file '../../build/mapping/mapping.egg-info/SOURCES.txt'
[9.476s] running build
[9.477s] running build_py
[9.477s] creating /home/nvidia/f1tenth_ws/build/mapping/build
[9.478s] creating /home/nvidia/f1tenth_ws/build/mapping/build/lib
[9.481s] creating /home/nvidia/f1tenth_ws/build/mapping/build/lib/mapping
[9.482s] copying mapping/local_mapping_gradient.py -> /home/nvidia/f1tenth_ws/build/mapping/build/lib/mapping
[9.482s] copying mapping/local_mapping.py -> /home/nvidia/f1tenth_ws/build/mapping/build/lib/mapping
[9.483s] copying mapping/__init__.py -> /home/nvidia/f1tenth_ws/build/mapping/build/lib/mapping
[9.485s] running install
[9.493s] running install_lib
[9.495s] creating /home/nvidia/f1tenth_ws/install/mapping/lib/python3.8/site-packages/mapping
[9.496s] copying /home/nvidia/f1tenth_ws/build/mapping/build/lib/mapping/local_mapping_gradient.py -> /home/nvidia/f1tenth_ws/install/mapping/lib/python3.8/site-packages/mapping
[9.497s] copying /home/nvidia/f1tenth_ws/build/mapping/build/lib/mapping/local_mapping.py -> /home/nvidia/f1tenth_ws/install/mapping/lib/python3.8/site-packages/mapping
[9.498s] copying /home/nvidia/f1tenth_ws/build/mapping/build/lib/mapping/__init__.py -> /home/nvidia/f1tenth_ws/install/mapping/lib/python3.8/site-packages/mapping
[9.501s] byte-compiling /home/nvidia/f1tenth_ws/install/mapping/lib/python3.8/site-packages/mapping/local_mapping_gradient.py to local_mapping_gradient.cpython-38.pyc
[9.521s] byte-compiling /home/nvidia/f1tenth_ws/install/mapping/lib/python3.8/site-packages/mapping/local_mapping.py to local_mapping.cpython-38.pyc
[9.527s] byte-compiling /home/nvidia/f1tenth_ws/install/mapping/lib/python3.8/site-packages/mapping/__init__.py to __init__.cpython-38.pyc
[9.528s] running install_data
[9.529s] creating /home/nvidia/f1tenth_ws/install/mapping/share/ament_index
[9.530s] creating /home/nvidia/f1tenth_ws/install/mapping/share/ament_index/resource_index
[9.531s] creating /home/nvidia/f1tenth_ws/install/mapping/share/ament_index/resource_index/packages
[9.532s] copying resource/mapping -> /home/nvidia/f1tenth_ws/install/mapping/share/ament_index/resource_index/packages
[9.533s] copying package.xml -> /home/nvidia/f1tenth_ws/install/mapping/share/mapping
[9.534s] running install_egg_info
[9.543s] Copying ../../build/mapping/mapping.egg-info to /home/nvidia/f1tenth_ws/install/mapping/lib/python3.8/site-packages/mapping-0.0.0-py3.8.egg-info
[9.550s] running install_scripts
[9.667s] Installing local_gradient_node script to /home/nvidia/f1tenth_ws/install/mapping/lib/mapping
[9.668s] Installing local_mapping_node script to /home/nvidia/f1tenth_ws/install/mapping/lib/mapping
[9.671s] writing list of installed files to '/home/nvidia/f1tenth_ws/build/mapping/install.log'
[9.854s] Invoked command in '/home/nvidia/f1tenth_ws/src/mapping' returned '0': PYTHONPATH=/home/nvidia/f1tenth_ws/build/mapping/prefix_override:/usr/lib/python3/dist-packages/colcon_core/task/python/colcon_distutils_commands:/home/nvidia/f1tenth_ws/install/mapping/lib/python3.8/site-packages:${PYTHONPATH} /usr/bin/python3 -W ignore:setup.py install is deprecated setup.py egg_info --egg-base ../../build/mapping build --build-base /home/nvidia/f1tenth_ws/build/mapping/build install --record /home/nvidia/f1tenth_ws/build/mapping/install.log --install-scripts $base/lib/mapping --single-version-externally-managed install_data
