[8.680s] Invoking command in '/home/nvidia/f1tenth_ws/src/mapping': PYTHONPATH=/home/nvidia/f1tenth_ws/build/mapping/prefix_override:/usr/lib/python3/dist-packages/colcon_core/task/python/colcon_distutils_commands:/home/nvidia/f1tenth_ws/install/mapping/lib/python3.8/site-packages:${PYTHONPATH} /usr/bin/python3 -W ignore:setup.py install is deprecated setup.py egg_info --egg-base ../../build/mapping build --build-base /home/nvidia/f1tenth_ws/build/mapping/build install --record /home/nvidia/f1tenth_ws/build/mapping/install.log --install-scripts $base/lib/mapping --single-version-externally-managed install_data
[10.477s] running egg_info
[10.481s] creating ../../build/mapping/mapping.egg-info
[10.482s] writing ../../build/mapping/mapping.egg-info/PKG-INFO
[10.484s] writing dependency_links to ../../build/mapping/mapping.egg-info/dependency_links.txt
[10.484s] writing entry points to ../../build/mapping/mapping.egg-info/entry_points.txt
[10.485s] writing requirements to ../../build/mapping/mapping.egg-info/requires.txt
[10.486s] writing top-level names to ../../build/mapping/mapping.egg-info/top_level.txt
[10.506s] writing manifest file '../../build/mapping/mapping.egg-info/SOURCES.txt'
[10.767s] reading manifest file '../../build/mapping/mapping.egg-info/SOURCES.txt'
[10.771s] writing manifest file '../../build/mapping/mapping.egg-info/SOURCES.txt'
[10.772s] running build
[10.773s] running build_py
[10.790s] creating /home/nvidia/f1tenth_ws/build/mapping/build
[10.791s] creating /home/nvidia/f1tenth_ws/build/mapping/build/lib
[10.792s] creating /home/nvidia/f1tenth_ws/build/mapping/build/lib/mapping
[10.793s] copying mapping/local_mapping_gradient.py -> /home/nvidia/f1tenth_ws/build/mapping/build/lib/mapping
[10.795s] copying mapping/local_mapping.py -> /home/nvidia/f1tenth_ws/build/mapping/build/lib/mapping
[10.802s] copying mapping/__init__.py -> /home/nvidia/f1tenth_ws/build/mapping/build/lib/mapping
[10.803s] running install
[10.808s] running install_lib
[10.818s] creating /home/nvidia/f1tenth_ws/install/mapping/lib/python3.8/site-packages/mapping
[10.819s] copying /home/nvidia/f1tenth_ws/build/mapping/build/lib/mapping/local_mapping_gradient.py -> /home/nvidia/f1tenth_ws/install/mapping/lib/python3.8/site-packages/mapping
[10.820s] copying /home/nvidia/f1tenth_ws/build/mapping/build/lib/mapping/local_mapping.py -> /home/nvidia/f1tenth_ws/install/mapping/lib/python3.8/site-packages/mapping
[10.821s] copying /home/nvidia/f1tenth_ws/build/mapping/build/lib/mapping/__init__.py -> /home/nvidia/f1tenth_ws/install/mapping/lib/python3.8/site-packages/mapping
[10.825s] byte-compiling /home/nvidia/f1tenth_ws/install/mapping/lib/python3.8/site-packages/mapping/local_mapping_gradient.py to local_mapping_gradient.cpython-38.pyc
[10.843s] byte-compiling /home/nvidia/f1tenth_ws/install/mapping/lib/python3.8/site-packages/mapping/local_mapping.py to local_mapping.cpython-38.pyc
[10.849s] byte-compiling /home/nvidia/f1tenth_ws/install/mapping/lib/python3.8/site-packages/mapping/__init__.py to __init__.cpython-38.pyc
[10.850s] running install_data
[10.851s] creating /home/nvidia/f1tenth_ws/install/mapping/share/ament_index
[10.852s] creating /home/nvidia/f1tenth_ws/install/mapping/share/ament_index/resource_index
[10.852s] creating /home/nvidia/f1tenth_ws/install/mapping/share/ament_index/resource_index/packages
[10.853s] copying resource/mapping -> /home/nvidia/f1tenth_ws/install/mapping/share/ament_index/resource_index/packages
[10.857s] copying package.xml -> /home/nvidia/f1tenth_ws/install/mapping/share/mapping
[10.858s] running install_egg_info
[10.870s] Copying ../../build/mapping/mapping.egg-info to /home/nvidia/f1tenth_ws/install/mapping/lib/python3.8/site-packages/mapping-0.0.0-py3.8.egg-info
[10.882s] running install_scripts
[11.027s] Installing local_gradient_node script to /home/nvidia/f1tenth_ws/install/mapping/lib/mapping
[11.028s] Installing local_mapping_node script to /home/nvidia/f1tenth_ws/install/mapping/lib/mapping
[11.030s] writing list of installed files to '/home/nvidia/f1tenth_ws/build/mapping/install.log'
[11.242s] Invoked command in '/home/nvidia/f1tenth_ws/src/mapping' returned '0': PYTHONPATH=/home/nvidia/f1tenth_ws/build/mapping/prefix_override:/usr/lib/python3/dist-packages/colcon_core/task/python/colcon_distutils_commands:/home/nvidia/f1tenth_ws/install/mapping/lib/python3.8/site-packages:${PYTHONPATH} /usr/bin/python3 -W ignore:setup.py install is deprecated setup.py egg_info --egg-base ../../build/mapping build --build-base /home/nvidia/f1tenth_ws/build/mapping/build install --record /home/nvidia/f1tenth_ws/build/mapping/install.log --install-scripts $base/lib/mapping --single-version-externally-managed install_data
