[7.759s] Invoking command in '/home/nvidia/f1tenth_ws/src/mapping': PYTHONPATH=/home/nvidia/f1tenth_ws/build/mapping/prefix_override:/usr/lib/python3/dist-packages/colcon_core/task/python/colcon_distutils_commands:/home/nvidia/f1tenth_ws/install/mapping/lib/python3.8/site-packages:${PYTHONPATH} /usr/bin/python3 -W ignore:setup.py install is deprecated setup.py egg_info --egg-base ../../build/mapping build --build-base /home/nvidia/f1tenth_ws/build/mapping/build install --record /home/nvidia/f1tenth_ws/build/mapping/install.log --install-scripts $base/lib/mapping --single-version-externally-managed install_data
[9.254s] running egg_info
[9.258s] writing ../../build/mapping/mapping.egg-info/PKG-INFO
[9.259s] writing dependency_links to ../../build/mapping/mapping.egg-info/dependency_links.txt
[9.260s] writing entry points to ../../build/mapping/mapping.egg-info/entry_points.txt
[9.263s] writing requirements to ../../build/mapping/mapping.egg-info/requires.txt
[9.263s] writing top-level names to ../../build/mapping/mapping.egg-info/top_level.txt
[9.473s] reading manifest file '../../build/mapping/mapping.egg-info/SOURCES.txt'
[9.487s] writing manifest file '../../build/mapping/mapping.egg-info/SOURCES.txt'
[9.488s] running build
[9.488s] running build_py
[9.492s] running install
[9.496s] running install_lib
[9.512s] running install_data
[9.513s] running install_egg_info
[9.528s] removing '/home/nvidia/f1tenth_ws/install/mapping/lib/python3.8/site-packages/mapping-0.0.0-py3.8.egg-info' (and everything under it)
[9.533s] Copying ../../build/mapping/mapping.egg-info to /home/nvidia/f1tenth_ws/install/mapping/lib/python3.8/site-packages/mapping-0.0.0-py3.8.egg-info
[9.542s] running install_scripts
[9.639s] Installing local_gradient_node script to /home/nvidia/f1tenth_ws/install/mapping/lib/mapping
[9.643s] Installing local_mapping_node script to /home/nvidia/f1tenth_ws/install/mapping/lib/mapping
[9.648s] writing list of installed files to '/home/nvidia/f1tenth_ws/build/mapping/install.log'
[10.098s] Invoked command in '/home/nvidia/f1tenth_ws/src/mapping' returned '0': PYTHONPATH=/home/nvidia/f1tenth_ws/build/mapping/prefix_override:/usr/lib/python3/dist-packages/colcon_core/task/python/colcon_distutils_commands:/home/nvidia/f1tenth_ws/install/mapping/lib/python3.8/site-packages:${PYTHONPATH} /usr/bin/python3 -W ignore:setup.py install is deprecated setup.py egg_info --egg-base ../../build/mapping build --build-base /home/nvidia/f1tenth_ws/build/mapping/build install --record /home/nvidia/f1tenth_ws/build/mapping/install.log --install-scripts $base/lib/mapping --single-version-externally-managed install_data
