[8.217s] Invoking command in '/home/nvidia/f1tenth_ws/src/mapping': PYTHONPATH=/home/nvidia/f1tenth_ws/build/mapping/prefix_override:/usr/lib/python3/dist-packages/colcon_core/task/python/colcon_distutils_commands:/home/nvidia/f1tenth_ws/install/mapping/lib/python3.8/site-packages:${PYTHONPATH} /usr/bin/python3 -W ignore:setup.py install is deprecated setup.py egg_info --egg-base ../../build/mapping build --build-base /home/nvidia/f1tenth_ws/build/mapping/build install --record /home/nvidia/f1tenth_ws/build/mapping/install.log --install-scripts $base/lib/mapping --single-version-externally-managed install_data
[10.095s] running egg_info
[10.100s] creating ../../build/mapping/mapping.egg-info
[10.102s] writing ../../build/mapping/mapping.egg-info/PKG-INFO
[10.104s] writing dependency_links to ../../build/mapping/mapping.egg-info/dependency_links.txt
[10.111s] writing entry points to ../../build/mapping/mapping.egg-info/entry_points.txt
[10.111s] writing requirements to ../../build/mapping/mapping.egg-info/requires.txt
[10.116s] writing top-level names to ../../build/mapping/mapping.egg-info/top_level.txt
[10.119s] writing manifest file '../../build/mapping/mapping.egg-info/SOURCES.txt'
[10.387s] reading manifest file '../../build/mapping/mapping.egg-info/SOURCES.txt'
[10.391s] writing manifest file '../../build/mapping/mapping.egg-info/SOURCES.txt'
[10.392s] running build
[10.393s] running build_py
[10.395s] creating /home/nvidia/f1tenth_ws/build/mapping/build
[10.396s] creating /home/nvidia/f1tenth_ws/build/mapping/build/lib
[10.396s] creating /home/nvidia/f1tenth_ws/build/mapping/build/lib/mapping
[10.396s] copying mapping/local_mapping_gradient.py -> /home/nvidia/f1tenth_ws/build/mapping/build/lib/mapping
[10.397s] copying mapping/local_mapping.py -> /home/nvidia/f1tenth_ws/build/mapping/build/lib/mapping
[10.398s] copying mapping/__init__.py -> /home/nvidia/f1tenth_ws/build/mapping/build/lib/mapping
[10.399s] running install
[10.405s] running install_lib
[10.420s] creating /home/nvidia/f1tenth_ws/install/mapping/lib/python3.8/site-packages/mapping
[10.420s] copying /home/nvidia/f1tenth_ws/build/mapping/build/lib/mapping/local_mapping_gradient.py -> /home/nvidia/f1tenth_ws/install/mapping/lib/python3.8/site-packages/mapping
[10.421s] copying /home/nvidia/f1tenth_ws/build/mapping/build/lib/mapping/local_mapping.py -> /home/nvidia/f1tenth_ws/install/mapping/lib/python3.8/site-packages/mapping
[10.425s] copying /home/nvidia/f1tenth_ws/build/mapping/build/lib/mapping/__init__.py -> /home/nvidia/f1tenth_ws/install/mapping/lib/python3.8/site-packages/mapping
[10.438s] byte-compiling /home/nvidia/f1tenth_ws/install/mapping/lib/python3.8/site-packages/mapping/local_mapping_gradient.py to local_mapping_gradient.cpython-38.pyc
[10.456s] byte-compiling /home/nvidia/f1tenth_ws/install/mapping/lib/python3.8/site-packages/mapping/local_mapping.py to local_mapping.cpython-38.pyc
[10.501s] byte-compiling /home/nvidia/f1tenth_ws/install/mapping/lib/python3.8/site-packages/mapping/__init__.py to __init__.cpython-38.pyc
[10.501s] running install_data
[10.502s] creating /home/nvidia/f1tenth_ws/install/mapping/share/ament_index
[10.503s] creating /home/nvidia/f1tenth_ws/install/mapping/share/ament_index/resource_index
[10.511s] creating /home/nvidia/f1tenth_ws/install/mapping/share/ament_index/resource_index/packages
[10.512s] copying resource/mapping -> /home/nvidia/f1tenth_ws/install/mapping/share/ament_index/resource_index/packages
[10.512s] copying package.xml -> /home/nvidia/f1tenth_ws/install/mapping/share/mapping
[10.512s] running install_egg_info
[10.515s] Copying ../../build/mapping/mapping.egg-info to /home/nvidia/f1tenth_ws/install/mapping/lib/python3.8/site-packages/mapping-0.0.0-py3.8.egg-info
[10.528s] running install_scripts
[10.665s] Installing local_gradient_node script to /home/nvidia/f1tenth_ws/install/mapping/lib/mapping
[10.666s] Installing local_mapping_node script to /home/nvidia/f1tenth_ws/install/mapping/lib/mapping
[10.667s] writing list of installed files to '/home/nvidia/f1tenth_ws/build/mapping/install.log'
[12.277s] Invoked command in '/home/nvidia/f1tenth_ws/src/mapping' returned '0': PYTHONPATH=/home/nvidia/f1tenth_ws/build/mapping/prefix_override:/usr/lib/python3/dist-packages/colcon_core/task/python/colcon_distutils_commands:/home/nvidia/f1tenth_ws/install/mapping/lib/python3.8/site-packages:${PYTHONPATH} /usr/bin/python3 -W ignore:setup.py install is deprecated setup.py egg_info --egg-base ../../build/mapping build --build-base /home/nvidia/f1tenth_ws/build/mapping/build install --record /home/nvidia/f1tenth_ws/build/mapping/install.log --install-scripts $base/lib/mapping --single-version-externally-managed install_data
