[5.606s] Invoking command in '/home/nvidia/f1tenth_ws/src/phasespace': PYTHONPATH=/home/nvidia/f1tenth_ws/build/phasespace/prefix_override:/usr/lib/python3/dist-packages/colcon_core/task/python/colcon_distutils_commands:/home/nvidia/f1tenth_ws/install/phasespace/lib/python3.8/site-packages:${PYTHONPATH} /usr/bin/python3 -W ignore:setup.py install is deprecated setup.py egg_info --egg-base ../../build/phasespace build --build-base /home/nvidia/f1tenth_ws/build/phasespace/build install --record /home/nvidia/f1tenth_ws/build/phasespace/install.log --install-scripts $base/lib/phasespace --single-version-externally-managed install_data
[6.862s] running egg_info
[6.865s] writing ../../build/phasespace/phasespace.egg-info/PKG-INFO
[6.866s] writing dependency_links to ../../build/phasespace/phasespace.egg-info/dependency_links.txt
[6.867s] writing entry points to ../../build/phasespace/phasespace.egg-info/entry_points.txt
[6.868s] writing requirements to ../../build/phasespace/phasespace.egg-info/requires.txt
[6.869s] writing top-level names to ../../build/phasespace/phasespace.egg-info/top_level.txt
[7.070s] reading manifest file '../../build/phasespace/phasespace.egg-info/SOURCES.txt'
[7.075s] writing manifest file '../../build/phasespace/phasespace.egg-info/SOURCES.txt'
[7.076s] running build
[7.077s] running build_py
[7.078s] running install
[7.084s] running install_lib
[7.096s] running install_data
[7.103s] running install_egg_info
[7.103s] removing '/home/nvidia/f1tenth_ws/install/phasespace/lib/python3.8/site-packages/phasespace-0.0.0-py3.8.egg-info' (and everything under it)
[7.104s] Copying ../../build/phasespace/phasespace.egg-info to /home/nvidia/f1tenth_ws/install/phasespace/lib/python3.8/site-packages/phasespace-0.0.0-py3.8.egg-info
[7.120s] running install_scripts
[7.214s] Installing phasespace_node script to /home/nvidia/f1tenth_ws/install/phasespace/lib/phasespace
[7.217s] writing list of installed files to '/home/nvidia/f1tenth_ws/build/phasespace/install.log'
[7.382s] Invoked command in '/home/nvidia/f1tenth_ws/src/phasespace' returned '0': PYTHONPATH=/home/nvidia/f1tenth_ws/build/phasespace/prefix_override:/usr/lib/python3/dist-packages/colcon_core/task/python/colcon_distutils_commands:/home/nvidia/f1tenth_ws/install/phasespace/lib/python3.8/site-packages:${PYTHONPATH} /usr/bin/python3 -W ignore:setup.py install is deprecated setup.py egg_info --egg-base ../../build/phasespace build --build-base /home/nvidia/f1tenth_ws/build/phasespace/build install --record /home/nvidia/f1tenth_ws/build/phasespace/install.log --install-scripts $base/lib/phasespace --single-version-externally-managed install_data
