make[2]: Warning: File '/opt/ros/foxy/share/geometry_msgs/msg/WrenchStamped.idl' has modification time 738472204 s in the future
make[2]: Warning: File '/opt/ros/foxy/share/geometry_msgs/msg/WrenchStamped.idl' has modification time 738472204 s in the future
make[2]: warning:  Clock skew detected.  Your build may be incomplete.
make[2]: warning:  Clock skew detected.  Your build may be incomplete.
make[2]: Warning: File '/opt/ros/foxy/share/geometry_msgs/msg/WrenchStamped.idl' has modification time 738472194 s in the future
make[2]: warning:  Clock skew detected.  Your build may be incomplete.
make[2]: Warning: File '/opt/ros/foxy/share/geometry_msgs/msg/WrenchStamped.idl' has modification time 738472186 s in the future
make[2]: warning:  Clock skew detected.  Your build may be incomplete.
make[2]: Warning: File '/opt/ros/foxy/share/geometry_msgs/msg/WrenchStamped.idl' has modification time 738472183 s in the future
make[2]: warning:  Clock skew detected.  Your build may be incomplete.
make[2]: Warning: File '/opt/ros/foxy/share/geometry_msgs/msg/WrenchStamped.idl' has modification time 738472171 s in the future
make[2]: warning:  Clock skew detected.  Your build may be incomplete.
make[2]: Warning: File '/opt/ros/foxy/share/geometry_msgs/msg/WrenchStamped.idl' has modification time 738472168 s in the future
make[2]: warning:  Clock skew detected.  Your build may be incomplete.
make[2]: Warning: File '/opt/ros/foxy/share/geometry_msgs/msg/WrenchStamped.idl' has modification time 738472163 s in the future
make[2]: warning:  Clock skew detected.  Your build may be incomplete.
make[2]: Warning: File '/opt/ros/foxy/share/geometry_msgs/msg/WrenchStamped.idl' has modification time 738472160 s in the future
make[2]: warning:  Clock skew detected.  Your build may be incomplete.
make[2]: Warning: File '/opt/ros/foxy/share/geometry_msgs/msg/WrenchStamped.idl' has modification time 738472156 s in the future
make[2]: warning:  Clock skew detected.  Your build may be incomplete.
make[2]: Warning: File '/opt/ros/foxy/share/geometry_msgs/msg/WrenchStamped.idl' has modification time 738472152 s in the future
make[2]: warning:  Clock skew detected.  Your build may be incomplete.
make[2]: Warning: File '/opt/ros/foxy/share/geometry_msgs/msg/WrenchStamped.idl' has modification time 738472137 s in the future
make[2]: warning:  Clock skew detected.  Your build may be incomplete.
make[2]: Warning: File '/opt/ros/foxy/share/geometry_msgs/msg/WrenchStamped.idl' has modification time 738472135 s in the future
make[2]: warning:  Clock skew detected.  Your build may be incomplete.
make[2]: Warning: File '/opt/ros/foxy/share/geometry_msgs/msg/WrenchStamped.idl' has modification time 738472125 s in the future
make[2]: warning:  Clock skew detected.  Your build may be incomplete.
make[2]: Warning: File '/opt/ros/foxy/share/geometry_msgs/msg/WrenchStamped.idl' has modification time 738472122 s in the future
make[2]: warning:  Clock skew detected.  Your build may be incomplete.
make[2]: Warning: File '/home/nvidia/f1tenth_ws/src/f1tenth_system/vesc/vesc_msgs/msg/VescState.msg' has modification time 777669210 s in the future
make[2]: warning:  Clock skew detected.  Your build may be incomplete.
make[2]: Warning: File '/opt/ros/foxy/share/geometry_msgs/msg/WrenchStamped.idl' has modification time 738472111 s in the future
make[2]: warning:  Clock skew detected.  Your build may be incomplete.
make[2]: Warning: File '/opt/ros/foxy/include/rosidl_runtime_c/visibility_control.h' has modification time 738460801 s in the future
make[2]: warning:  Clock skew detected.  Your build may be incomplete.
make[2]: Warning: File '/opt/ros/foxy/include/builtin_interfaces/msg/detail/time__struct.h' has modification time 738470805 s in the future
make[2]: Warning: File '/opt/ros/foxy/include/builtin_interfaces/msg/detail/time__struct.h' has modification time 738470805 s in the future
make[2]: warning:  Clock skew detected.  Your build may be incomplete.
make[2]: warning:  Clock skew detected.  Your build may be incomplete.
make[2]: Warning: File '/opt/ros/foxy/include/builtin_interfaces/msg/detail/time__struct.h' has modification time 738470804 s in the future
make[2]: warning:  Clock skew detected.  Your build may be incomplete.
