[8.294s] Invoking command in '/home/nvidia/f1tenth_ws/src/f1tenth_system/teleop_tools/key_teleop': PYTHONPATH=/home/nvidia/f1tenth_ws/build/key_teleop/prefix_override:/usr/lib/python3/dist-packages/colcon_core/task/python/colcon_distutils_commands:/home/nvidia/f1tenth_ws/install/key_teleop/lib/python3.8/site-packages:${PYTHONPATH} /usr/bin/python3 -W ignore:setup.py install is deprecated setup.py egg_info --egg-base ../../../../build/key_teleop build --build-base /home/nvidia/f1tenth_ws/build/key_teleop/build install --record /home/nvidia/f1tenth_ws/build/key_teleop/install.log --install-scripts $base/lib/key_teleop --single-version-externally-managed install_data
[9.908s] running egg_info
[9.913s] writing ../../../../build/key_teleop/key_teleop.egg-info/PKG-INFO
[9.917s] writing dependency_links to ../../../../build/key_teleop/key_teleop.egg-info/dependency_links.txt
[9.917s] writing entry points to ../../../../build/key_teleop/key_teleop.egg-info/entry_points.txt
[9.919s] writing requirements to ../../../../build/key_teleop/key_teleop.egg-info/requires.txt
[9.920s] writing top-level names to ../../../../build/key_teleop/key_teleop.egg-info/top_level.txt
[10.179s] reading manifest file '../../../../build/key_teleop/key_teleop.egg-info/SOURCES.txt'
[10.196s] writing manifest file '../../../../build/key_teleop/key_teleop.egg-info/SOURCES.txt'
[10.199s] running build
[10.200s] running build_py
[10.201s] running install
[10.201s] running install_lib
[10.203s] running install_data
[10.204s] running install_egg_info
[10.217s] removing '/home/nvidia/f1tenth_ws/install/key_teleop/lib/python3.8/site-packages/key_teleop-0.3.0-py3.8.egg-info' (and everything under it)
[10.219s] Copying ../../../../build/key_teleop/key_teleop.egg-info to /home/nvidia/f1tenth_ws/install/key_teleop/lib/python3.8/site-packages/key_teleop-0.3.0-py3.8.egg-info
[10.221s] error removing /home/nvidia/f1tenth_ws/install/key_teleop/lib/python3.8/site-packages/key_teleop-0.3.0-py3.8.egg-info: [Errno 13] Permission denied: '/home/nvidia/f1tenth_ws/install/key_teleop/lib/python3.8/site-packages/key_teleop-0.3.0-py3.8.egg-info/requires.txt'
[10.222s] error removing /home/nvidia/f1tenth_ws/install/key_teleop/lib/python3.8/site-packages/key_teleop-0.3.0-py3.8.egg-info: [Errno 13] Permission denied: '/home/nvidia/f1tenth_ws/install/key_teleop/lib/python3.8/site-packages/key_teleop-0.3.0-py3.8.egg-info/SOURCES.txt'
[10.223s] error removing /home/nvidia/f1tenth_ws/install/key_teleop/lib/python3.8/site-packages/key_teleop-0.3.0-py3.8.egg-info: [Errno 13] Permission denied: '/home/nvidia/f1tenth_ws/install/key_teleop/lib/python3.8/site-packages/key_teleop-0.3.0-py3.8.egg-info/top_level.txt'
[10.225s] error removing /home/nvidia/f1tenth_ws/install/key_teleop/lib/python3.8/site-packages/key_teleop-0.3.0-py3.8.egg-info: [Errno 13] Permission denied: '/home/nvidia/f1tenth_ws/install/key_teleop/lib/python3.8/site-packages/key_teleop-0.3.0-py3.8.egg-info/zip-safe'
[10.225s] error removing /home/nvidia/f1tenth_ws/install/key_teleop/lib/python3.8/site-packages/key_teleop-0.3.0-py3.8.egg-info: [Errno 13] Permission denied: '/home/nvidia/f1tenth_ws/install/key_teleop/lib/python3.8/site-packages/key_teleop-0.3.0-py3.8.egg-info/dependency_links.txt'
[10.226s] error removing /home/nvidia/f1tenth_ws/install/key_teleop/lib/python3.8/site-packages/key_teleop-0.3.0-py3.8.egg-info: [Errno 13] Permission denied: '/home/nvidia/f1tenth_ws/install/key_teleop/lib/python3.8/site-packages/key_teleop-0.3.0-py3.8.egg-info/PKG-INFO'
[10.230s] error removing /home/nvidia/f1tenth_ws/install/key_teleop/lib/python3.8/site-packages/key_teleop-0.3.0-py3.8.egg-info: [Errno 13] Permission denied: '/home/nvidia/f1tenth_ws/install/key_teleop/lib/python3.8/site-packages/key_teleop-0.3.0-py3.8.egg-info/entry_points.txt'
[10.232s] error removing /home/nvidia/f1tenth_ws/install/key_teleop/lib/python3.8/site-packages/key_teleop-0.3.0-py3.8.egg-info: [Errno 39] Directory not empty: '/home/nvidia/f1tenth_ws/install/key_teleop/lib/python3.8/site-packages/key_teleop-0.3.0-py3.8.egg-info'
[10.234s] error: [Errno 13] Permission denied: '/home/nvidia/f1tenth_ws/install/key_teleop/lib/python3.8/site-packages/key_teleop-0.3.0-py3.8.egg-info/requires.txt'
