[0.059s] Invoking command in '/home/nvidia/f1tenth_ws/build/pure_pursuit': /usr/bin/cmake /home/nvidia/f1tenth_ws/src/pure_pursuit -DCMAKE_INSTALL_PREFIX=/home/nvidia/f1tenth_ws/install/pure_pursuit
[0.207s] CMake Error at CMakeLists.txt:29 (find_package):
[0.207s]   By not providing "Findament_cmake.cmake" in CMAKE_MODULE_PATH this project
[0.208s]   has asked CMake to find a package configuration file provided by
[0.208s]   "ament_cmake", but CMake did not find one.
[0.209s] 
[0.209s]   Could not find a package configuration file provided by "ament_cmake" with
[0.210s]   any of the following names:
[0.210s] 
[0.211s]     ament_cmakeConfig.cmake
[0.211s]     ament_cmake-config.cmake
[0.211s] 
[0.212s]   Add the installation prefix of "ament_cmake" to CMAKE_PREFIX_PATH or set
[0.212s]   "ament_cmake_DIR" to a directory containing one of the above files.  If
[0.213s]   "ament_cmake" provides a separate development package or SDK, be sure it
[0.213s]   has been installed.
[0.215s] 
[0.216s] 
[0.219s] -- Configuring incomplete, errors occurred!
[0.234s] See also "/home/nvidia/f1tenth_ws/build/pure_pursuit/CMakeFiles/CMakeOutput.log".
[0.236s] Invoked command in '/home/nvidia/f1tenth_ws/build/pure_pursuit' returned '1': /usr/bin/cmake /home/nvidia/f1tenth_ws/src/pure_pursuit -DCMAKE_INSTALL_PREFIX=/home/nvidia/f1tenth_ws/install/pure_pursuit
