[7.353s] Invoking command in '/home/nvidia/f1tenth_ws/src/f1tenth_system/teleop_tools/key_teleop': PYTHONPATH=/home/nvidia/f1tenth_ws/build/key_teleop/prefix_override:/usr/lib/python3/dist-packages/colcon_core/task/python/colcon_distutils_commands:/home/nvidia/f1tenth_ws/install/key_teleop/lib/python3.8/site-packages: /usr/bin/python3 -W ignore:setup.py install is deprecated setup.py egg_info --egg-base ../../../../build/key_teleop build --build-base /home/nvidia/f1tenth_ws/build/key_teleop/build install --record /home/nvidia/f1tenth_ws/build/key_teleop/install.log --install-scripts $base/lib/key_teleop --single-version-externally-managed install_data
[8.574s] running egg_info
[8.578s] writing ../../../../build/key_teleop/key_teleop.egg-info/PKG-INFO
[8.579s] writing dependency_links to ../../../../build/key_teleop/key_teleop.egg-info/dependency_links.txt
[8.580s] writing entry points to ../../../../build/key_teleop/key_teleop.egg-info/entry_points.txt
[8.581s] writing requirements to ../../../../build/key_teleop/key_teleop.egg-info/requires.txt
[8.582s] writing top-level names to ../../../../build/key_teleop/key_teleop.egg-info/top_level.txt
[8.813s] reading manifest file '../../../../build/key_teleop/key_teleop.egg-info/SOURCES.txt'
[8.818s] writing manifest file '../../../../build/key_teleop/key_teleop.egg-info/SOURCES.txt'
[8.818s] running build
[8.819s] running build_py
[8.821s] running install
[8.824s] running install_lib
[8.836s] running install_data
[8.838s] running install_egg_info
[8.844s] removing '/home/nvidia/f1tenth_ws/install/key_teleop/lib/python3.8/site-packages/key_teleop-0.3.0-py3.8.egg-info' (and everything under it)
[8.849s] Copying ../../../../build/key_teleop/key_teleop.egg-info to /home/nvidia/f1tenth_ws/install/key_teleop/lib/python3.8/site-packages/key_teleop-0.3.0-py3.8.egg-info
[8.887s] running install_scripts
[8.958s] Installing key_teleop script to /home/nvidia/f1tenth_ws/install/key_teleop/lib/key_teleop
[8.959s] writing list of installed files to '/home/nvidia/f1tenth_ws/build/key_teleop/install.log'
[9.165s] Invoked command in '/home/nvidia/f1tenth_ws/src/f1tenth_system/teleop_tools/key_teleop' returned '0': PYTHONPATH=/home/nvidia/f1tenth_ws/build/key_teleop/prefix_override:/usr/lib/python3/dist-packages/colcon_core/task/python/colcon_distutils_commands:/home/nvidia/f1tenth_ws/install/key_teleop/lib/python3.8/site-packages: /usr/bin/python3 -W ignore:setup.py install is deprecated setup.py egg_info --egg-base ../../../../build/key_teleop build --build-base /home/nvidia/f1tenth_ws/build/key_teleop/build install --record /home/nvidia/f1tenth_ws/build/key_teleop/install.log --install-scripts $base/lib/key_teleop --single-version-externally-managed install_data
