[6.769s] Invoking command in '/home/nvidia/f1tenth_ws/src/new_map_saver': PYTHONPATH=/home/nvidia/f1tenth_ws/build/new_map_saver/prefix_override:/usr/lib/python3/dist-packages/colcon_core/task/python/colcon_distutils_commands:/home/nvidia/f1tenth_ws/install/new_map_saver/lib/python3.8/site-packages:${PYTHONPATH} /usr/bin/python3 -W ignore:setup.py install is deprecated setup.py egg_info --egg-base ../../build/new_map_saver build --build-base /home/nvidia/f1tenth_ws/build/new_map_saver/build install --record /home/nvidia/f1tenth_ws/build/new_map_saver/install.log --install-scripts $base/lib/new_map_saver --single-version-externally-managed install_data
[8.461s] running egg_info
[8.466s] creating ../../build/new_map_saver/new_map_saver.egg-info
[8.469s] writing ../../build/new_map_saver/new_map_saver.egg-info/PKG-INFO
[8.471s] writing dependency_links to ../../build/new_map_saver/new_map_saver.egg-info/dependency_links.txt
[8.473s] writing entry points to ../../build/new_map_saver/new_map_saver.egg-info/entry_points.txt
[8.477s] writing requirements to ../../build/new_map_saver/new_map_saver.egg-info/requires.txt
[8.478s] writing top-level names to ../../build/new_map_saver/new_map_saver.egg-info/top_level.txt
[8.488s] writing manifest file '../../build/new_map_saver/new_map_saver.egg-info/SOURCES.txt'
[8.711s] reading manifest file '../../build/new_map_saver/new_map_saver.egg-info/SOURCES.txt'
[8.716s] writing manifest file '../../build/new_map_saver/new_map_saver.egg-info/SOURCES.txt'
[8.717s] running build
[8.718s] running build_py
[8.719s] creating /home/nvidia/f1tenth_ws/build/new_map_saver/build
[8.721s] creating /home/nvidia/f1tenth_ws/build/new_map_saver/build/lib
[8.722s] creating /home/nvidia/f1tenth_ws/build/new_map_saver/build/lib/new_map_saver
[8.723s] copying new_map_saver/__init__.py -> /home/nvidia/f1tenth_ws/build/new_map_saver/build/lib/new_map_saver
[8.725s] running install
[8.733s] running install_lib
[8.740s] creating /home/nvidia/f1tenth_ws/install/new_map_saver/lib/python3.8/site-packages/new_map_saver
[8.743s] copying /home/nvidia/f1tenth_ws/build/new_map_saver/build/lib/new_map_saver/__init__.py -> /home/nvidia/f1tenth_ws/install/new_map_saver/lib/python3.8/site-packages/new_map_saver
[8.747s] byte-compiling /home/nvidia/f1tenth_ws/install/new_map_saver/lib/python3.8/site-packages/new_map_saver/__init__.py to __init__.cpython-38.pyc
[8.755s] running install_data
[8.757s] creating /home/nvidia/f1tenth_ws/install/new_map_saver/share/ament_index
[8.758s] creating /home/nvidia/f1tenth_ws/install/new_map_saver/share/ament_index/resource_index
[8.760s] creating /home/nvidia/f1tenth_ws/install/new_map_saver/share/ament_index/resource_index/packages
[8.761s] copying resource/new_map_saver -> /home/nvidia/f1tenth_ws/install/new_map_saver/share/ament_index/resource_index/packages
[8.763s] copying package.xml -> /home/nvidia/f1tenth_ws/install/new_map_saver/share/new_map_saver
[8.766s] creating /home/nvidia/f1tenth_ws/install/new_map_saver/share/new_map_saver/launch
[8.768s] copying launch/map_saver.launch.py -> /home/nvidia/f1tenth_ws/install/new_map_saver/share/new_map_saver/launch
[8.771s] creating /home/nvidia/f1tenth_ws/install/new_map_saver/share/new_map_saver/config
[8.772s] copying config/map_saver_params.yaml -> /home/nvidia/f1tenth_ws/install/new_map_saver/share/new_map_saver/config
[8.774s] running install_egg_info
[8.785s] Copying ../../build/new_map_saver/new_map_saver.egg-info to /home/nvidia/f1tenth_ws/install/new_map_saver/lib/python3.8/site-packages/new_map_saver-0.0.0-py3.8.egg-info
[8.794s] running install_scripts
[8.894s] writing list of installed files to '/home/nvidia/f1tenth_ws/build/new_map_saver/install.log'
[9.025s] Invoked command in '/home/nvidia/f1tenth_ws/src/new_map_saver' returned '0': PYTHONPATH=/home/nvidia/f1tenth_ws/build/new_map_saver/prefix_override:/usr/lib/python3/dist-packages/colcon_core/task/python/colcon_distutils_commands:/home/nvidia/f1tenth_ws/install/new_map_saver/lib/python3.8/site-packages:${PYTHONPATH} /usr/bin/python3 -W ignore:setup.py install is deprecated setup.py egg_info --egg-base ../../build/new_map_saver build --build-base /home/nvidia/f1tenth_ws/build/new_map_saver/build install --record /home/nvidia/f1tenth_ws/build/new_map_saver/install.log --install-scripts $base/lib/new_map_saver --single-version-externally-managed install_data
