[0.199s] Invoking command in '/home/nvidia/f1tenth_ws/build/pure_pursuit': /usr/bin/cmake /home/nvidia/f1tenth_ws/src/pure_pursuit -DCMAKE_INSTALL_PREFIX=/home/nvidia/f1tenth_ws/install/pure_pursuit
[0.351s] CMake Error at CMakeLists.txt:29 (find_package):
[0.352s]   By not providing "Findament_cmake.cmake" in CMAKE_MODULE_PATH this project
[0.353s]   has asked CMake to find a package configuration file provided by
[0.353s]   "ament_cmake", but CMake did not find one.
[0.354s] 
[0.354s]   Could not find a package configuration file provided by "ament_cmake" with
[0.355s]   any of the following names:
[0.355s] 
[0.356s]     ament_cmakeConfig.cmake
[0.356s]     ament_cmake-config.cmake
[0.356s] 
[0.357s]   Add the installation prefix of "ament_cmake" to CMAKE_PREFIX_PATH or set
[0.357s]   "ament_cmake_DIR" to a directory containing one of the above files.  If
[0.357s]   "ament_cmake" provides a separate development package or SDK, be sure it
[0.358s]   has been installed.
[0.359s] 
[0.359s] 
[0.361s] -- Configuring incomplete, errors occurred!
[0.361s] See also "/home/nvidia/f1tenth_ws/build/pure_pursuit/CMakeFiles/CMakeOutput.log".
[0.431s] Invoked command in '/home/nvidia/f1tenth_ws/build/pure_pursuit' returned '1': /usr/bin/cmake /home/nvidia/f1tenth_ws/src/pure_pursuit -DCMAKE_INSTALL_PREFIX=/home/nvidia/f1tenth_ws/install/pure_pursuit
