[5.951s] Invoking command in '/home/nvidia/f1tenth_ws/src/mapping': PYTHONPATH=/home/nvidia/f1tenth_ws/build/mapping/prefix_override:/usr/lib/python3/dist-packages/colcon_core/task/python/colcon_distutils_commands:/home/nvidia/f1tenth_ws/install/mapping/lib/python3.8/site-packages: /usr/bin/python3 -W ignore:setup.py install is deprecated setup.py egg_info --egg-base ../../build/mapping build --build-base /home/nvidia/f1tenth_ws/build/mapping/build install --record /home/nvidia/f1tenth_ws/build/mapping/install.log --install-scripts $base/lib/mapping --single-version-externally-managed install_data
[7.129s] running egg_info
[7.133s] writing ../../build/mapping/mapping.egg-info/PKG-INFO
[7.134s] writing dependency_links to ../../build/mapping/mapping.egg-info/dependency_links.txt
[7.135s] writing entry points to ../../build/mapping/mapping.egg-info/entry_points.txt
[7.137s] writing requirements to ../../build/mapping/mapping.egg-info/requires.txt
[7.138s] writing top-level names to ../../build/mapping/mapping.egg-info/top_level.txt
[7.364s] reading manifest file '../../build/mapping/mapping.egg-info/SOURCES.txt'
[7.369s] writing manifest file '../../build/mapping/mapping.egg-info/SOURCES.txt'
[7.370s] running build
[7.371s] running build_py
[7.371s] running install
[7.386s] running install_lib
[7.392s] running install_data
[7.393s] running install_egg_info
[7.397s] removing '/home/nvidia/f1tenth_ws/install/mapping/lib/python3.8/site-packages/mapping-0.0.0-py3.8.egg-info' (and everything under it)
[7.400s] Copying ../../build/mapping/mapping.egg-info to /home/nvidia/f1tenth_ws/install/mapping/lib/python3.8/site-packages/mapping-0.0.0-py3.8.egg-info
[7.410s] running install_scripts
[7.517s] Installing local_gradient_node script to /home/nvidia/f1tenth_ws/install/mapping/lib/mapping
[7.518s] Installing local_mapping_node script to /home/nvidia/f1tenth_ws/install/mapping/lib/mapping
[7.536s] writing list of installed files to '/home/nvidia/f1tenth_ws/build/mapping/install.log'
[7.753s] Invoked command in '/home/nvidia/f1tenth_ws/src/mapping' returned '0': PYTHONPATH=/home/nvidia/f1tenth_ws/build/mapping/prefix_override:/usr/lib/python3/dist-packages/colcon_core/task/python/colcon_distutils_commands:/home/nvidia/f1tenth_ws/install/mapping/lib/python3.8/site-packages: /usr/bin/python3 -W ignore:setup.py install is deprecated setup.py egg_info --egg-base ../../build/mapping build --build-base /home/nvidia/f1tenth_ws/build/mapping/build install --record /home/nvidia/f1tenth_ws/build/mapping/install.log --install-scripts $base/lib/mapping --single-version-externally-managed install_data
