[0.093s] Invoking command in '/home/nvidia/f1tenth_ws/build/pure_pursuit': CMAKE_PREFIX_PATH=${CMAKE_PREFIX_PATH}://home/nvidia/f1tenth_ws/install/f1tenth_stack://home/nvidia/f1tenth_ws/install/joy_teleop://home/nvidia/f1tenth_ws/install/phasespace://home/nvidia/f1tenth_ws/install/new_map_saver://home/nvidia/f1tenth_ws/install/mouse_teleop://home/nvidia/f1tenth_ws/install/mapping://home/nvidia/f1tenth_ws/install/key_teleop://home/nvidia/f1tenth_ws/install/f1tenth_controllers:/opt/ros/foxy /usr/bin/cmake --build /home/nvidia/f1tenth_ws/build/pure_pursuit -- -j6 -l6
[0.205s] make: Warning: File 'Makefile' has modification time 782323300 s in the future
[0.406s] make[1]: Warning: File 'CMakeFiles/Makefile2' has modification time 782323300 s in the future
[0.426s] make[2]: Warning: File 'CMakeFiles/waypoint_visualizer.dir/flags.make' has modification time 782323300 s in the future
[0.433s] make[2]: Warning: File 'CMakeFiles/pure_pursuit.dir/flags.make' has modification time 782323300 s in the future
[0.531s] make[2]: warning:  Clock skew detected.  Your build may be incomplete.
[0.547s] make[2]: Warning: File 'CMakeFiles/waypoint_visualizer.dir/flags.make' has modification time 782323300 s in the future
[0.549s] make[2]: warning:  Clock skew detected.  Your build may be incomplete.
[0.571s] make[2]: Warning: File 'CMakeFiles/pure_pursuit.dir/flags.make' has modification time 782323300 s in the future
[0.607s] make[2]: warning:  Clock skew detected.  Your build may be incomplete.
[0.660s] make[2]: warning:  Clock skew detected.  Your build may be incomplete.
[0.667s] [ 50%] Built target waypoint_visualizer
[0.718s] [100%] Built target pure_pursuit
[0.722s] make[1]: warning:  Clock skew detected.  Your build may be incomplete.
[0.779s] make: warning:  Clock skew detected.  Your build may be incomplete.
[0.789s] Invoked command in '/home/nvidia/f1tenth_ws/build/pure_pursuit' returned '0': CMAKE_PREFIX_PATH=${CMAKE_PREFIX_PATH}://home/nvidia/f1tenth_ws/install/f1tenth_stack://home/nvidia/f1tenth_ws/install/joy_teleop://home/nvidia/f1tenth_ws/install/phasespace://home/nvidia/f1tenth_ws/install/new_map_saver://home/nvidia/f1tenth_ws/install/mouse_teleop://home/nvidia/f1tenth_ws/install/mapping://home/nvidia/f1tenth_ws/install/key_teleop://home/nvidia/f1tenth_ws/install/f1tenth_controllers:/opt/ros/foxy /usr/bin/cmake --build /home/nvidia/f1tenth_ws/build/pure_pursuit -- -j6 -l6
[1.063s] Invoking command in '/home/nvidia/f1tenth_ws/build/pure_pursuit': CMAKE_PREFIX_PATH=${CMAKE_PREFIX_PATH}://home/nvidia/f1tenth_ws/install/f1tenth_stack://home/nvidia/f1tenth_ws/install/joy_teleop://home/nvidia/f1tenth_ws/install/phasespace://home/nvidia/f1tenth_ws/install/new_map_saver://home/nvidia/f1tenth_ws/install/mouse_teleop://home/nvidia/f1tenth_ws/install/mapping://home/nvidia/f1tenth_ws/install/key_teleop://home/nvidia/f1tenth_ws/install/f1tenth_controllers:/opt/ros/foxy /usr/bin/cmake --install /home/nvidia/f1tenth_ws/build/pure_pursuit
[1.116s] -- Install configuration: ""
[1.117s] -- Up-to-date: /home/nvidia/f1tenth_ws/install/pure_pursuit/lib/pure_pursuit/pure_pursuit
[1.121s] -- Up-to-date: /home/nvidia/f1tenth_ws/install/pure_pursuit/lib/pure_pursuit/waypoint_visualizer
[1.123s] -- Up-to-date: /home/nvidia/f1tenth_ws/install/pure_pursuit/share/pure_pursuit/launch
[1.124s] -- Up-to-date: /home/nvidia/f1tenth_ws/install/pure_pursuit/share/pure_pursuit/launch/pure_pursuit_launch.py
[1.125s] -- Up-to-date: /home/nvidia/f1tenth_ws/install/pure_pursuit/share/pure_pursuit/launch/sim_pure_pursuit_launch.py
[1.125s] -- Up-to-date: /home/nvidia/f1tenth_ws/install/pure_pursuit/share/pure_pursuit/launch/pure_pursuit.rviz
[1.126s] -- Up-to-date: /home/nvidia/f1tenth_ws/install/pure_pursuit/share/pure_pursuit/launch/sim_pure_pursuit.rviz
[1.127s] -- Up-to-date: /home/nvidia/f1tenth_ws/install/pure_pursuit/share/pure_pursuit/config
[1.127s] -- Installing: /home/nvidia/f1tenth_ws/install/pure_pursuit/share/pure_pursuit/config/config.yaml
[1.128s] -- Up-to-date: /home/nvidia/f1tenth_ws/install/pure_pursuit/share/pure_pursuit/config/sim_config.yaml
[1.128s] -- Up-to-date: /home/nvidia/f1tenth_ws/install/pure_pursuit/share/ament_index/resource_index/package_run_dependencies/pure_pursuit
[1.129s] -- Up-to-date: /home/nvidia/f1tenth_ws/install/pure_pursuit/share/ament_index/resource_index/parent_prefix_path/pure_pursuit
[1.130s] -- Up-to-date: /home/nvidia/f1tenth_ws/install/pure_pursuit/share/pure_pursuit/environment/ament_prefix_path.sh
[1.130s] -- Up-to-date: /home/nvidia/f1tenth_ws/install/pure_pursuit/share/pure_pursuit/environment/ament_prefix_path.dsv
[1.131s] -- Up-to-date: /home/nvidia/f1tenth_ws/install/pure_pursuit/share/pure_pursuit/environment/path.sh
[1.131s] -- Up-to-date: /home/nvidia/f1tenth_ws/install/pure_pursuit/share/pure_pursuit/environment/path.dsv
[1.132s] -- Up-to-date: /home/nvidia/f1tenth_ws/install/pure_pursuit/share/pure_pursuit/local_setup.bash
[1.133s] -- Up-to-date: /home/nvidia/f1tenth_ws/install/pure_pursuit/share/pure_pursuit/local_setup.sh
[1.133s] -- Up-to-date: /home/nvidia/f1tenth_ws/install/pure_pursuit/share/pure_pursuit/local_setup.zsh
[1.134s] -- Up-to-date: /home/nvidia/f1tenth_ws/install/pure_pursuit/share/pure_pursuit/local_setup.dsv
[1.134s] -- Installing: /home/nvidia/f1tenth_ws/install/pure_pursuit/share/pure_pursuit/package.dsv
[1.135s] -- Up-to-date: /home/nvidia/f1tenth_ws/install/pure_pursuit/share/ament_index/resource_index/packages/pure_pursuit
[1.135s] -- Up-to-date: /home/nvidia/f1tenth_ws/install/pure_pursuit/share/pure_pursuit/cmake/pure_pursuitConfig.cmake
[1.136s] -- Up-to-date: /home/nvidia/f1tenth_ws/install/pure_pursuit/share/pure_pursuit/cmake/pure_pursuitConfig-version.cmake
[1.137s] -- Up-to-date: /home/nvidia/f1tenth_ws/install/pure_pursuit/share/pure_pursuit/package.xml
[1.148s] Invoked command in '/home/nvidia/f1tenth_ws/build/pure_pursuit' returned '0': CMAKE_PREFIX_PATH=${CMAKE_PREFIX_PATH}://home/nvidia/f1tenth_ws/install/f1tenth_stack://home/nvidia/f1tenth_ws/install/joy_teleop://home/nvidia/f1tenth_ws/install/phasespace://home/nvidia/f1tenth_ws/install/new_map_saver://home/nvidia/f1tenth_ws/install/mouse_teleop://home/nvidia/f1tenth_ws/install/mapping://home/nvidia/f1tenth_ws/install/key_teleop://home/nvidia/f1tenth_ws/install/f1tenth_controllers:/opt/ros/foxy /usr/bin/cmake --install /home/nvidia/f1tenth_ws/build/pure_pursuit
