/home/nvidia/f1tenth_ws/install/f1tenth_controllers/lib/python3.8/site-packages/f1tenth_controllers/pure_pursuit.py
/home/nvidia/f1tenth_ws/install/f1tenth_controllers/lib/python3.8/site-packages/f1tenth_controllers/pure_pursuit copy.py
/home/nvidia/f1tenth_ws/install/f1tenth_controllers/lib/python3.8/site-packages/f1tenth_controllers/pure_pursuit_sim.py
/home/nvidia/f1tenth_ws/install/f1tenth_controllers/lib/python3.8/site-packages/f1tenth_controllers/p_controller.py
/home/nvidia/f1tenth_ws/install/f1tenth_controllers/lib/python3.8/site-packages/f1tenth_controllers/__init__.py
/home/nvidia/f1tenth_ws/install/f1tenth_controllers/lib/python3.8/site-packages/f1tenth_controllers/follow_the_gap_node.py
/home/nvidia/f1tenth_ws/install/f1tenth_controllers/lib/python3.8/site-packages/f1tenth_controllers/p_controller copy.py
/home/nvidia/f1tenth_ws/install/f1tenth_controllers/lib/python3.8/site-packages/f1tenth_controllers/__pycache__/pure_pursuit.cpython-38.pyc
/home/nvidia/f1tenth_ws/install/f1tenth_controllers/lib/python3.8/site-packages/f1tenth_controllers/__pycache__/pure_pursuit copy.cpython-38.pyc
/home/nvidia/f1tenth_ws/install/f1tenth_controllers/lib/python3.8/site-packages/f1tenth_controllers/__pycache__/pure_pursuit_sim.cpython-38.pyc
/home/nvidia/f1tenth_ws/install/f1tenth_controllers/lib/python3.8/site-packages/f1tenth_controllers/__pycache__/p_controller.cpython-38.pyc
/home/nvidia/f1tenth_ws/install/f1tenth_controllers/lib/python3.8/site-packages/f1tenth_controllers/__pycache__/__init__.cpython-38.pyc
/home/nvidia/f1tenth_ws/install/f1tenth_controllers/lib/python3.8/site-packages/f1tenth_controllers/__pycache__/follow_the_gap_node.cpython-38.pyc
/home/nvidia/f1tenth_ws/install/f1tenth_controllers/lib/python3.8/site-packages/f1tenth_controllers/__pycache__/p_controller copy.cpython-38.pyc
/home/nvidia/f1tenth_ws/install/f1tenth_controllers/share/ament_index/resource_index/packages/f1tenth_controllers
/home/nvidia/f1tenth_ws/install/f1tenth_controllers/share/f1tenth_controllers/package.xml
/home/nvidia/f1tenth_ws/install/f1tenth_controllers/share/f1tenth_controllers/launch/costmap_launch.py
/home/nvidia/f1tenth_ws/install/f1tenth_controllers/share/f1tenth_controllers/launch/update_launch.py
/home/nvidia/f1tenth_ws/install/f1tenth_controllers/share/f1tenth_controllers/launch/map_loc_launch.py
/home/nvidia/f1tenth_ws/install/f1tenth_controllers/lib/python3.8/site-packages/f1tenth_controllers-0.0.0-py3.8.egg-info/requires.txt
/home/nvidia/f1tenth_ws/install/f1tenth_controllers/lib/python3.8/site-packages/f1tenth_controllers-0.0.0-py3.8.egg-info/SOURCES.txt
/home/nvidia/f1tenth_ws/install/f1tenth_controllers/lib/python3.8/site-packages/f1tenth_controllers-0.0.0-py3.8.egg-info/top_level.txt
/home/nvidia/f1tenth_ws/install/f1tenth_controllers/lib/python3.8/site-packages/f1tenth_controllers-0.0.0-py3.8.egg-info/zip-safe
/home/nvidia/f1tenth_ws/install/f1tenth_controllers/lib/python3.8/site-packages/f1tenth_controllers-0.0.0-py3.8.egg-info/dependency_links.txt
/home/nvidia/f1tenth_ws/install/f1tenth_controllers/lib/python3.8/site-packages/f1tenth_controllers-0.0.0-py3.8.egg-info/PKG-INFO
/home/nvidia/f1tenth_ws/install/f1tenth_controllers/lib/python3.8/site-packages/f1tenth_controllers-0.0.0-py3.8.egg-info/entry_points.txt
/home/nvidia/f1tenth_ws/install/f1tenth_controllers/lib/f1tenth_controllers/follow_the_gap_node
/home/nvidia/f1tenth_ws/install/f1tenth_controllers/lib/f1tenth_controllers/p_controller_node
/home/nvidia/f1tenth_ws/install/f1tenth_controllers/lib/f1tenth_controllers/pure_pursuit_node
/home/nvidia/f1tenth_ws/install/f1tenth_controllers/lib/f1tenth_controllers/pure_pursuit_nodev2
