[0.087s] Invoking command in '/home/nvidia/f1tenth_ws/src/pure_pursuit/build/pure_pursuit': CMAKE_PREFIX_PATH=${CMAKE_PREFIX_PATH}://home/nvidia/f1tenth_ws/install/f1tenth_stack://home/nvidia/f1tenth_ws/install/joy_teleop://home/nvidia/f1tenth_ws/install/phasespace://home/nvidia/f1tenth_ws/install/particle_filter://home/nvidia/f1tenth_ws/install/new_map_saver://home/nvidia/f1tenth_ws/install/mouse_teleop://home/nvidia/f1tenth_ws/install/mapping://home/nvidia/f1tenth_ws/install/key_teleop://home/nvidia/f1tenth_ws/install/f1tenth_controllers:/opt/ros/foxy /usr/bin/cmake /home/nvidia/f1tenth_ws/src/pure_pursuit -DCMAKE_INSTALL_PREFIX=/home/nvidia/f1tenth_ws/src/pure_pursuit/install/pure_pursuit
[0.541s] -- The C compiler identification is GNU 9.4.0
[0.987s] -- The CXX compiler identification is GNU 9.4.0
[1.029s] -- Check for working C compiler: /usr/bin/cc
[1.532s] -- Check for working C compiler: /usr/bin/cc -- works
[1.537s] -- Detecting C compiler ABI info
[2.036s] -- Detecting C compiler ABI info - done
[2.117s] -- Detecting C compile features
[2.119s] -- Detecting C compile features - done
[2.137s] -- Check for working CXX compiler: /usr/bin/c++
[2.695s] -- Check for working CXX compiler: /usr/bin/c++ -- works
[2.702s] -- Detecting CXX compiler ABI info
[3.247s] -- Detecting CXX compiler ABI info - done
[3.321s] -- Detecting CXX compile features
[3.324s] -- Detecting CXX compile features - done
[3.354s] -- Found ament_cmake: 0.9.12 (/opt/ros/foxy/share/ament_cmake/cmake)
[3.538s] -- Found PythonInterp: /usr/bin/python3 (found suitable version "3.8.10", minimum required is "3") 
[3.539s] -- Using PYTHON_EXECUTABLE: /usr/bin/python3
[4.960s] -- Found rclcpp: 2.4.3 (/opt/ros/foxy/share/rclcpp/cmake)
[5.410s] -- Using all available rosidl_typesupport_c: rosidl_typesupport_fastrtps_c;rosidl_typesupport_introspection_c
[5.493s] -- Found rosidl_adapter: 1.3.1 (/opt/ros/foxy/share/rosidl_adapter/cmake)
[6.222s] -- Found OpenSSL: /usr/lib/aarch64-linux-gnu/libcrypto.so (found version "1.1.1f")  
[6.418s] -- Found FastRTPS: /opt/ros/foxy/include  
[7.001s] -- Using all available rosidl_typesupport_cpp: rosidl_typesupport_fastrtps_cpp;rosidl_typesupport_introspection_cpp
[7.448s] -- Found rmw_implementation_cmake: 1.0.4 (/opt/ros/foxy/share/rmw_implementation_cmake/cmake)
[7.461s] -- Using RMW implementation 'rmw_fastrtps_cpp' as default
[7.468s] -- Looking for pthread.h
[8.021s] -- Looking for pthread.h - found
[8.024s] -- Performing Test CMAKE_HAVE_LIBC_PTHREAD
[8.549s] -- Performing Test CMAKE_HAVE_LIBC_PTHREAD - Failed
[8.550s] -- Looking for pthread_create in pthreads
[8.996s] -- Looking for pthread_create in pthreads - not found
[8.997s] -- Looking for pthread_create in pthread
[9.511s] -- Looking for pthread_create in pthread - found
[9.520s] -- Found Threads: TRUE  
[10.478s] -- Found rclpy: 1.0.13 (/opt/ros/foxy/share/rclpy/cmake)
[10.498s] -- Found geometry_msgs: 2.0.5 (/opt/ros/foxy/share/geometry_msgs/cmake)
[10.697s] -- Found nav_msgs: 2.0.5 (/opt/ros/foxy/share/nav_msgs/cmake)
[11.057s] -- Found ackermann_msgs: 2.0.2 (/opt/ros/foxy/share/ackermann_msgs/cmake)
[11.245s] -- Found sensor_msgs: 2.0.5 (/opt/ros/foxy/share/sensor_msgs/cmake)
[11.588s] -- Found visualization_msgs: 2.0.5 (/opt/ros/foxy/share/visualization_msgs/cmake)
[11.939s] -- Found eigen3_cmake_module: 0.1.1 (/opt/ros/foxy/share/eigen3_cmake_module/cmake)
[11.973s] -- Found Eigen3: TRUE (found version "3.3.7") 
[11.993s] -- Found tf2_ros: 0.13.14 (/opt/ros/foxy/share/tf2_ros/cmake)
[14.193s] -- Configuring done
[14.327s] -- Generating done
[14.339s] -- Build files have been written to: /home/nvidia/f1tenth_ws/src/pure_pursuit/build/pure_pursuit
[14.391s] Invoked command in '/home/nvidia/f1tenth_ws/src/pure_pursuit/build/pure_pursuit' returned '0': CMAKE_PREFIX_PATH=${CMAKE_PREFIX_PATH}://home/nvidia/f1tenth_ws/install/f1tenth_stack://home/nvidia/f1tenth_ws/install/joy_teleop://home/nvidia/f1tenth_ws/install/phasespace://home/nvidia/f1tenth_ws/install/particle_filter://home/nvidia/f1tenth_ws/install/new_map_saver://home/nvidia/f1tenth_ws/install/mouse_teleop://home/nvidia/f1tenth_ws/install/mapping://home/nvidia/f1tenth_ws/install/key_teleop://home/nvidia/f1tenth_ws/install/f1tenth_controllers:/opt/ros/foxy /usr/bin/cmake /home/nvidia/f1tenth_ws/src/pure_pursuit -DCMAKE_INSTALL_PREFIX=/home/nvidia/f1tenth_ws/src/pure_pursuit/install/pure_pursuit
[14.416s] Invoking command in '/home/nvidia/f1tenth_ws/src/pure_pursuit/build/pure_pursuit': CMAKE_PREFIX_PATH=${CMAKE_PREFIX_PATH}://home/nvidia/f1tenth_ws/install/f1tenth_stack://home/nvidia/f1tenth_ws/install/joy_teleop://home/nvidia/f1tenth_ws/install/phasespace://home/nvidia/f1tenth_ws/install/particle_filter://home/nvidia/f1tenth_ws/install/new_map_saver://home/nvidia/f1tenth_ws/install/mouse_teleop://home/nvidia/f1tenth_ws/install/mapping://home/nvidia/f1tenth_ws/install/key_teleop://home/nvidia/f1tenth_ws/install/f1tenth_controllers:/opt/ros/foxy /usr/bin/cmake --build /home/nvidia/f1tenth_ws/src/pure_pursuit/build/pure_pursuit -- -j6 -l6
[14.708s] [35m[1mScanning dependencies of target waypoint_visualizer[0m
[14.716s] [35m[1mScanning dependencies of target pure_pursuit[0m
[15.144s] [ 25%] [32mBuilding CXX object CMakeFiles/waypoint_visualizer.dir/src/waypoint_visualizer.cpp.o[0m
[15.422s] [ 50%] [32mBuilding CXX object CMakeFiles/pure_pursuit.dir/src/pure_pursuit.cpp.o[0m
[34.333s] [ 75%] [32m[1mLinking CXX executable waypoint_visualizer[0m
[35.356s] [ 75%] Built target waypoint_visualizer
[54.721s] [100%] [32m[1mLinking CXX executable pure_pursuit[0m
[56.614s] [100%] Built target pure_pursuit
[56.688s] Invoked command in '/home/nvidia/f1tenth_ws/src/pure_pursuit/build/pure_pursuit' returned '0': CMAKE_PREFIX_PATH=${CMAKE_PREFIX_PATH}://home/nvidia/f1tenth_ws/install/f1tenth_stack://home/nvidia/f1tenth_ws/install/joy_teleop://home/nvidia/f1tenth_ws/install/phasespace://home/nvidia/f1tenth_ws/install/particle_filter://home/nvidia/f1tenth_ws/install/new_map_saver://home/nvidia/f1tenth_ws/install/mouse_teleop://home/nvidia/f1tenth_ws/install/mapping://home/nvidia/f1tenth_ws/install/key_teleop://home/nvidia/f1tenth_ws/install/f1tenth_controllers:/opt/ros/foxy /usr/bin/cmake --build /home/nvidia/f1tenth_ws/src/pure_pursuit/build/pure_pursuit -- -j6 -l6
[56.971s] Invoking command in '/home/nvidia/f1tenth_ws/src/pure_pursuit/build/pure_pursuit': CMAKE_PREFIX_PATH=${CMAKE_PREFIX_PATH}://home/nvidia/f1tenth_ws/install/f1tenth_stack://home/nvidia/f1tenth_ws/install/joy_teleop://home/nvidia/f1tenth_ws/install/phasespace://home/nvidia/f1tenth_ws/install/particle_filter://home/nvidia/f1tenth_ws/install/new_map_saver://home/nvidia/f1tenth_ws/install/mouse_teleop://home/nvidia/f1tenth_ws/install/mapping://home/nvidia/f1tenth_ws/install/key_teleop://home/nvidia/f1tenth_ws/install/f1tenth_controllers:/opt/ros/foxy /usr/bin/cmake --install /home/nvidia/f1tenth_ws/src/pure_pursuit/build/pure_pursuit
[57.038s] -- Install configuration: ""
[57.039s] -- Installing: /home/nvidia/f1tenth_ws/src/pure_pursuit/install/pure_pursuit/lib/pure_pursuit/pure_pursuit
[57.064s] -- Set runtime path of "/home/nvidia/f1tenth_ws/src/pure_pursuit/install/pure_pursuit/lib/pure_pursuit/pure_pursuit" to ""
[57.064s] -- Installing: /home/nvidia/f1tenth_ws/src/pure_pursuit/install/pure_pursuit/lib/pure_pursuit/waypoint_visualizer
[57.079s] -- Set runtime path of "/home/nvidia/f1tenth_ws/src/pure_pursuit/install/pure_pursuit/lib/pure_pursuit/waypoint_visualizer" to ""
[57.079s] -- Installing: /home/nvidia/f1tenth_ws/src/pure_pursuit/install/pure_pursuit/share/pure_pursuit/launch
[57.080s] -- Installing: /home/nvidia/f1tenth_ws/src/pure_pursuit/install/pure_pursuit/share/pure_pursuit/launch/pure_pursuit_launch.py
[57.081s] -- Installing: /home/nvidia/f1tenth_ws/src/pure_pursuit/install/pure_pursuit/share/pure_pursuit/launch/sim_pure_pursuit_launch.py
[57.082s] -- Installing: /home/nvidia/f1tenth_ws/src/pure_pursuit/install/pure_pursuit/share/pure_pursuit/launch/pure_pursuit.rviz
[57.082s] -- Installing: /home/nvidia/f1tenth_ws/src/pure_pursuit/install/pure_pursuit/share/pure_pursuit/launch/sim_pure_pursuit.rviz
[57.084s] -- Installing: /home/nvidia/f1tenth_ws/src/pure_pursuit/install/pure_pursuit/share/pure_pursuit/config
[57.084s] -- Installing: /home/nvidia/f1tenth_ws/src/pure_pursuit/install/pure_pursuit/share/pure_pursuit/config/config.yaml
[57.085s] -- Installing: /home/nvidia/f1tenth_ws/src/pure_pursuit/install/pure_pursuit/share/pure_pursuit/config/sim_config.yaml
[57.087s] -- Installing: /home/nvidia/f1tenth_ws/src/pure_pursuit/install/pure_pursuit/share/ament_index/resource_index/package_run_dependencies/pure_pursuit
[57.088s] -- Installing: /home/nvidia/f1tenth_ws/src/pure_pursuit/install/pure_pursuit/share/ament_index/resource_index/parent_prefix_path/pure_pursuit
[57.090s] -- Installing: /home/nvidia/f1tenth_ws/src/pure_pursuit/install/pure_pursuit/share/pure_pursuit/environment/ament_prefix_path.sh
[57.090s] -- Installing: /home/nvidia/f1tenth_ws/src/pure_pursuit/install/pure_pursuit/share/pure_pursuit/environment/ament_prefix_path.dsv
[57.091s] -- Installing: /home/nvidia/f1tenth_ws/src/pure_pursuit/install/pure_pursuit/share/pure_pursuit/environment/path.sh
[57.092s] -- Installing: /home/nvidia/f1tenth_ws/src/pure_pursuit/install/pure_pursuit/share/pure_pursuit/environment/path.dsv
[57.095s] -- Installing: /home/nvidia/f1tenth_ws/src/pure_pursuit/install/pure_pursuit/share/pure_pursuit/local_setup.bash
[57.096s] -- Installing: /home/nvidia/f1tenth_ws/src/pure_pursuit/install/pure_pursuit/share/pure_pursuit/local_setup.sh
[57.097s] -- Installing: /home/nvidia/f1tenth_ws/src/pure_pursuit/install/pure_pursuit/share/pure_pursuit/local_setup.zsh
[57.097s] -- Installing: /home/nvidia/f1tenth_ws/src/pure_pursuit/install/pure_pursuit/share/pure_pursuit/local_setup.dsv
[57.099s] -- Installing: /home/nvidia/f1tenth_ws/src/pure_pursuit/install/pure_pursuit/share/pure_pursuit/package.dsv
[57.100s] -- Installing: /home/nvidia/f1tenth_ws/src/pure_pursuit/install/pure_pursuit/share/ament_index/resource_index/packages/pure_pursuit
[57.101s] -- Installing: /home/nvidia/f1tenth_ws/src/pure_pursuit/install/pure_pursuit/share/pure_pursuit/cmake/pure_pursuitConfig.cmake
[57.102s] -- Installing: /home/nvidia/f1tenth_ws/src/pure_pursuit/install/pure_pursuit/share/pure_pursuit/cmake/pure_pursuitConfig-version.cmake
[57.103s] -- Installing: /home/nvidia/f1tenth_ws/src/pure_pursuit/install/pure_pursuit/share/pure_pursuit/package.xml
[57.117s] Invoked command in '/home/nvidia/f1tenth_ws/src/pure_pursuit/build/pure_pursuit' returned '0': CMAKE_PREFIX_PATH=${CMAKE_PREFIX_PATH}://home/nvidia/f1tenth_ws/install/f1tenth_stack://home/nvidia/f1tenth_ws/install/joy_teleop://home/nvidia/f1tenth_ws/install/phasespace://home/nvidia/f1tenth_ws/install/particle_filter://home/nvidia/f1tenth_ws/install/new_map_saver://home/nvidia/f1tenth_ws/install/mouse_teleop://home/nvidia/f1tenth_ws/install/mapping://home/nvidia/f1tenth_ws/install/key_teleop://home/nvidia/f1tenth_ws/install/f1tenth_controllers:/opt/ros/foxy /usr/bin/cmake --install /home/nvidia/f1tenth_ws/src/pure_pursuit/build/pure_pursuit
