[8.421s] Invoking command in '/home/nvidia/f1tenth_ws/src/f1tenth_system/teleop_tools/key_teleop': PYTHONPATH=/home/nvidia/f1tenth_ws/build/key_teleop/prefix_override:/usr/lib/python3/dist-packages/colcon_core/task/python/colcon_distutils_commands:/home/nvidia/f1tenth_ws/install/key_teleop/lib/python3.8/site-packages:${PYTHONPATH} /usr/bin/python3 -W ignore:setup.py install is deprecated setup.py egg_info --egg-base ../../../../build/key_teleop build --build-base /home/nvidia/f1tenth_ws/build/key_teleop/build install --record /home/nvidia/f1tenth_ws/build/key_teleop/install.log --install-scripts $base/lib/key_teleop --single-version-externally-managed install_data
[9.942s] running egg_info
[9.946s] creating ../../../../build/key_teleop/key_teleop.egg-info
[9.947s] writing ../../../../build/key_teleop/key_teleop.egg-info/PKG-INFO
[9.949s] writing dependency_links to ../../../../build/key_teleop/key_teleop.egg-info/dependency_links.txt
[9.950s] writing entry points to ../../../../build/key_teleop/key_teleop.egg-info/entry_points.txt
[9.950s] writing requirements to ../../../../build/key_teleop/key_teleop.egg-info/requires.txt
[9.951s] writing top-level names to ../../../../build/key_teleop/key_teleop.egg-info/top_level.txt
[9.962s] writing manifest file '../../../../build/key_teleop/key_teleop.egg-info/SOURCES.txt'
[10.195s] reading manifest file '../../../../build/key_teleop/key_teleop.egg-info/SOURCES.txt'
[10.203s] writing manifest file '../../../../build/key_teleop/key_teleop.egg-info/SOURCES.txt'
[10.204s] running build
[10.205s] running build_py
[10.207s] creating /home/nvidia/f1tenth_ws/build/key_teleop/build
[10.210s] creating /home/nvidia/f1tenth_ws/build/key_teleop/build/lib
[10.210s] creating /home/nvidia/f1tenth_ws/build/key_teleop/build/lib/key_teleop
[10.212s] copying key_teleop/key_teleop.py -> /home/nvidia/f1tenth_ws/build/key_teleop/build/lib/key_teleop
[10.213s] copying key_teleop/__init__.py -> /home/nvidia/f1tenth_ws/build/key_teleop/build/lib/key_teleop
[10.213s] running install
[10.224s] running install_lib
[10.226s] creating /home/nvidia/f1tenth_ws/install/key_teleop/lib/python3.8/site-packages/key_teleop
[10.226s] copying /home/nvidia/f1tenth_ws/build/key_teleop/build/lib/key_teleop/key_teleop.py -> /home/nvidia/f1tenth_ws/install/key_teleop/lib/python3.8/site-packages/key_teleop
[10.228s] copying /home/nvidia/f1tenth_ws/build/key_teleop/build/lib/key_teleop/__init__.py -> /home/nvidia/f1tenth_ws/install/key_teleop/lib/python3.8/site-packages/key_teleop
[10.231s] byte-compiling /home/nvidia/f1tenth_ws/install/key_teleop/lib/python3.8/site-packages/key_teleop/key_teleop.py to key_teleop.cpython-38.pyc
[10.243s] byte-compiling /home/nvidia/f1tenth_ws/install/key_teleop/lib/python3.8/site-packages/key_teleop/__init__.py to __init__.cpython-38.pyc
[10.245s] running install_data
[10.246s] copying package.xml -> /home/nvidia/f1tenth_ws/install/key_teleop/share/key_teleop
[10.247s] creating /home/nvidia/f1tenth_ws/install/key_teleop/share/key_teleop/config
[10.248s] copying config/key_teleop.yaml -> /home/nvidia/f1tenth_ws/install/key_teleop/share/key_teleop/config
[10.249s] creating /home/nvidia/f1tenth_ws/install/key_teleop/share/ament_index
[10.249s] creating /home/nvidia/f1tenth_ws/install/key_teleop/share/ament_index/resource_index
[10.250s] creating /home/nvidia/f1tenth_ws/install/key_teleop/share/ament_index/resource_index/packages
[10.250s] copying resource/key_teleop -> /home/nvidia/f1tenth_ws/install/key_teleop/share/ament_index/resource_index/packages
[10.251s] running install_egg_info
[10.272s] Copying ../../../../build/key_teleop/key_teleop.egg-info to /home/nvidia/f1tenth_ws/install/key_teleop/lib/python3.8/site-packages/key_teleop-0.3.0-py3.8.egg-info
[10.289s] running install_scripts
[10.430s] Installing key_teleop script to /home/nvidia/f1tenth_ws/install/key_teleop/lib/key_teleop
[10.435s] writing list of installed files to '/home/nvidia/f1tenth_ws/build/key_teleop/install.log'
[10.604s] Invoked command in '/home/nvidia/f1tenth_ws/src/f1tenth_system/teleop_tools/key_teleop' returned '0': PYTHONPATH=/home/nvidia/f1tenth_ws/build/key_teleop/prefix_override:/usr/lib/python3/dist-packages/colcon_core/task/python/colcon_distutils_commands:/home/nvidia/f1tenth_ws/install/key_teleop/lib/python3.8/site-packages:${PYTHONPATH} /usr/bin/python3 -W ignore:setup.py install is deprecated setup.py egg_info --egg-base ../../../../build/key_teleop build --build-base /home/nvidia/f1tenth_ws/build/key_teleop/build install --record /home/nvidia/f1tenth_ws/build/key_teleop/install.log --install-scripts $base/lib/key_teleop --single-version-externally-managed install_data
