[8.795s] Invoking command in '/home/nvidia/f1tenth_ws/src/mapping': PYTHONPATH=/home/nvidia/f1tenth_ws/build/mapping/prefix_override:/usr/lib/python3/dist-packages/colcon_core/task/python/colcon_distutils_commands:/home/nvidia/f1tenth_ws/install/mapping/lib/python3.8/site-packages: /usr/bin/python3 -W ignore:setup.py install is deprecated setup.py egg_info --egg-base ../../build/mapping build --build-base /home/nvidia/f1tenth_ws/build/mapping/build install --record /home/nvidia/f1tenth_ws/build/mapping/install.log --install-scripts $base/lib/mapping --single-version-externally-managed install_data
[10.341s] running egg_info
[10.346s] writing ../../build/mapping/mapping.egg-info/PKG-INFO
[10.348s] writing dependency_links to ../../build/mapping/mapping.egg-info/dependency_links.txt
[10.350s] writing entry points to ../../build/mapping/mapping.egg-info/entry_points.txt
[10.354s] writing requirements to ../../build/mapping/mapping.egg-info/requires.txt
[10.354s] writing top-level names to ../../build/mapping/mapping.egg-info/top_level.txt
[10.552s] reading manifest file '../../build/mapping/mapping.egg-info/SOURCES.txt'
[10.559s] writing manifest file '../../build/mapping/mapping.egg-info/SOURCES.txt'
[10.559s] running build
[10.560s] running build_py
[10.563s] running install
[10.569s] running install_lib
[10.578s] running install_data
[10.579s] running install_egg_info
[10.589s] removing '/home/nvidia/f1tenth_ws/install/mapping/lib/python3.8/site-packages/mapping-0.0.0-py3.8.egg-info' (and everything under it)
[10.593s] Copying ../../build/mapping/mapping.egg-info to /home/nvidia/f1tenth_ws/install/mapping/lib/python3.8/site-packages/mapping-0.0.0-py3.8.egg-info
[10.600s] running install_scripts
[10.692s] Installing local_gradient_node script to /home/nvidia/f1tenth_ws/install/mapping/lib/mapping
[10.694s] Installing local_mapping_node script to /home/nvidia/f1tenth_ws/install/mapping/lib/mapping
[10.696s] writing list of installed files to '/home/nvidia/f1tenth_ws/build/mapping/install.log'
[10.938s] Invoked command in '/home/nvidia/f1tenth_ws/src/mapping' returned '0': PYTHONPATH=/home/nvidia/f1tenth_ws/build/mapping/prefix_override:/usr/lib/python3/dist-packages/colcon_core/task/python/colcon_distutils_commands:/home/nvidia/f1tenth_ws/install/mapping/lib/python3.8/site-packages: /usr/bin/python3 -W ignore:setup.py install is deprecated setup.py egg_info --egg-base ../../build/mapping build --build-base /home/nvidia/f1tenth_ws/build/mapping/build install --record /home/nvidia/f1tenth_ws/build/mapping/install.log --install-scripts $base/lib/mapping --single-version-externally-managed install_data
