[8.938s] Invoking command in '/home/nvidia/f1tenth_ws/src/f1tenth_system/teleop_tools/key_teleop': PYTHONPATH=/home/nvidia/f1tenth_ws/build/key_teleop/prefix_override:/usr/lib/python3/dist-packages/colcon_core/task/python/colcon_distutils_commands:/home/nvidia/f1tenth_ws/install/key_teleop/lib/python3.8/site-packages:${PYTHONPATH} /usr/bin/python3 -W ignore:setup.py install is deprecated setup.py egg_info --egg-base ../../../../build/key_teleop build --build-base /home/nvidia/f1tenth_ws/build/key_teleop/build install --record /home/nvidia/f1tenth_ws/build/key_teleop/install.log --install-scripts $base/lib/key_teleop --single-version-externally-managed install_data
[11.323s] running egg_info
[11.324s] creating ../../../../build/key_teleop/key_teleop.egg-info
[11.324s] writing ../../../../build/key_teleop/key_teleop.egg-info/PKG-INFO
[11.325s] writing dependency_links to ../../../../build/key_teleop/key_teleop.egg-info/dependency_links.txt
[11.325s] writing entry points to ../../../../build/key_teleop/key_teleop.egg-info/entry_points.txt
[11.326s] writing requirements to ../../../../build/key_teleop/key_teleop.egg-info/requires.txt
[11.327s] writing top-level names to ../../../../build/key_teleop/key_teleop.egg-info/top_level.txt
[11.327s] writing manifest file '../../../../build/key_teleop/key_teleop.egg-info/SOURCES.txt'
[11.328s] reading manifest file '../../../../build/key_teleop/key_teleop.egg-info/SOURCES.txt'
[11.328s] writing manifest file '../../../../build/key_teleop/key_teleop.egg-info/SOURCES.txt'
[11.329s] running build
[11.329s] running build_py
[11.330s] creating /home/nvidia/f1tenth_ws/build/key_teleop/build
[11.330s] creating /home/nvidia/f1tenth_ws/build/key_teleop/build/lib
[11.339s] creating /home/nvidia/f1tenth_ws/build/key_teleop/build/lib/key_teleop
[11.339s] copying key_teleop/key_teleop.py -> /home/nvidia/f1tenth_ws/build/key_teleop/build/lib/key_teleop
[11.340s] copying key_teleop/__init__.py -> /home/nvidia/f1tenth_ws/build/key_teleop/build/lib/key_teleop
[11.340s] running install
[11.341s] running install_lib
[11.341s] creating /home/nvidia/f1tenth_ws/install/key_teleop/lib/python3.8/site-packages/key_teleop
[11.342s] copying /home/nvidia/f1tenth_ws/build/key_teleop/build/lib/key_teleop/key_teleop.py -> /home/nvidia/f1tenth_ws/install/key_teleop/lib/python3.8/site-packages/key_teleop
[11.342s] copying /home/nvidia/f1tenth_ws/build/key_teleop/build/lib/key_teleop/__init__.py -> /home/nvidia/f1tenth_ws/install/key_teleop/lib/python3.8/site-packages/key_teleop
[11.343s] byte-compiling /home/nvidia/f1tenth_ws/install/key_teleop/lib/python3.8/site-packages/key_teleop/key_teleop.py to key_teleop.cpython-38.pyc
[11.343s] byte-compiling /home/nvidia/f1tenth_ws/install/key_teleop/lib/python3.8/site-packages/key_teleop/__init__.py to __init__.cpython-38.pyc
[11.344s] running install_data
[11.344s] copying package.xml -> /home/nvidia/f1tenth_ws/install/key_teleop/share/key_teleop
[11.344s] creating /home/nvidia/f1tenth_ws/install/key_teleop/share/key_teleop/config
[11.345s] copying config/key_teleop.yaml -> /home/nvidia/f1tenth_ws/install/key_teleop/share/key_teleop/config
[11.345s] creating /home/nvidia/f1tenth_ws/install/key_teleop/share/ament_index
[11.346s] creating /home/nvidia/f1tenth_ws/install/key_teleop/share/ament_index/resource_index
[11.346s] creating /home/nvidia/f1tenth_ws/install/key_teleop/share/ament_index/resource_index/packages
[11.357s] copying resource/key_teleop -> /home/nvidia/f1tenth_ws/install/key_teleop/share/ament_index/resource_index/packages
[11.357s] running install_egg_info
[11.358s] Copying ../../../../build/key_teleop/key_teleop.egg-info to /home/nvidia/f1tenth_ws/install/key_teleop/lib/python3.8/site-packages/key_teleop-0.3.0-py3.8.egg-info
[11.360s] running install_scripts
[11.364s] Installing key_teleop script to /home/nvidia/f1tenth_ws/install/key_teleop/lib/key_teleop
[11.365s] writing list of installed files to '/home/nvidia/f1tenth_ws/build/key_teleop/install.log'
[11.535s] Invoked command in '/home/nvidia/f1tenth_ws/src/f1tenth_system/teleop_tools/key_teleop' returned '0': PYTHONPATH=/home/nvidia/f1tenth_ws/build/key_teleop/prefix_override:/usr/lib/python3/dist-packages/colcon_core/task/python/colcon_distutils_commands:/home/nvidia/f1tenth_ws/install/key_teleop/lib/python3.8/site-packages:${PYTHONPATH} /usr/bin/python3 -W ignore:setup.py install is deprecated setup.py egg_info --egg-base ../../../../build/key_teleop build --build-base /home/nvidia/f1tenth_ws/build/key_teleop/build install --record /home/nvidia/f1tenth_ws/build/key_teleop/install.log --install-scripts $base/lib/key_teleop --single-version-externally-managed install_data
