[0.069s] Invoking command in '/home/nvidia/f1tenth_ws/build/pure_pursuit': /usr/bin/cmake --build /home/nvidia/f1tenth_ws/build/pure_pursuit -- -j6 -l6
[0.121s] make: Warning: File 'Makefile' has modification time 782323270 s in the future
[0.234s] make[1]: Warning: File 'CMakeFiles/Makefile2' has modification time 782323270 s in the future
[0.252s] make[2]: Warning: File 'CMakeFiles/waypoint_visualizer.dir/flags.make' has modification time 782323270 s in the future
[0.256s] make[2]: Warning: File 'CMakeFiles/pure_pursuit.dir/flags.make' has modification time 782323270 s in the future
[0.301s] make[2]: warning:  Clock skew detected.  Your build may be incomplete.
[0.310s] make[2]: warning:  Clock skew detected.  Your build may be incomplete.
[0.318s] make[2]: Warning: File 'CMakeFiles/waypoint_visualizer.dir/flags.make' has modification time 782323270 s in the future
[0.328s] make[2]: Warning: File 'CMakeFiles/pure_pursuit.dir/flags.make' has modification time 782323270 s in the future
[0.375s] make[2]: warning:  Clock skew detected.  Your build may be incomplete.
[0.407s] make[2]: warning:  Clock skew detected.  Your build may be incomplete.
[0.417s] [ 50%] Built target waypoint_visualizer
[0.444s] [100%] Built target pure_pursuit
[0.448s] make[1]: warning:  Clock skew detected.  Your build may be incomplete.
[0.487s] make: warning:  Clock skew detected.  Your build may be incomplete.
[0.497s] Invoked command in '/home/nvidia/f1tenth_ws/build/pure_pursuit' returned '0': /usr/bin/cmake --build /home/nvidia/f1tenth_ws/build/pure_pursuit -- -j6 -l6
[0.680s] Invoking command in '/home/nvidia/f1tenth_ws/build/pure_pursuit': /usr/bin/cmake --install /home/nvidia/f1tenth_ws/build/pure_pursuit
[0.718s] -- Install configuration: ""
[0.720s] -- Up-to-date: /home/nvidia/f1tenth_ws/install/pure_pursuit/lib/pure_pursuit/pure_pursuit
[0.723s] -- Up-to-date: /home/nvidia/f1tenth_ws/install/pure_pursuit/lib/pure_pursuit/waypoint_visualizer
[0.725s] -- Up-to-date: /home/nvidia/f1tenth_ws/install/pure_pursuit/share/pure_pursuit/launch
[0.726s] -- Up-to-date: /home/nvidia/f1tenth_ws/install/pure_pursuit/share/pure_pursuit/launch/pure_pursuit_launch.py
[0.727s] -- Up-to-date: /home/nvidia/f1tenth_ws/install/pure_pursuit/share/pure_pursuit/launch/sim_pure_pursuit_launch.py
[0.727s] -- Up-to-date: /home/nvidia/f1tenth_ws/install/pure_pursuit/share/pure_pursuit/launch/pure_pursuit.rviz
[0.729s] -- Up-to-date: /home/nvidia/f1tenth_ws/install/pure_pursuit/share/pure_pursuit/launch/sim_pure_pursuit.rviz
[0.730s] -- Up-to-date: /home/nvidia/f1tenth_ws/install/pure_pursuit/share/pure_pursuit/config
[0.731s] -- Up-to-date: /home/nvidia/f1tenth_ws/install/pure_pursuit/share/pure_pursuit/config/config.yaml
[0.732s] -- Up-to-date: /home/nvidia/f1tenth_ws/install/pure_pursuit/share/pure_pursuit/config/sim_config.yaml
[0.732s] -- Up-to-date: /home/nvidia/f1tenth_ws/install/pure_pursuit/share/ament_index/resource_index/package_run_dependencies/pure_pursuit
[0.733s] -- Up-to-date: /home/nvidia/f1tenth_ws/install/pure_pursuit/share/ament_index/resource_index/parent_prefix_path/pure_pursuit
[0.734s] -- Up-to-date: /home/nvidia/f1tenth_ws/install/pure_pursuit/share/pure_pursuit/environment/ament_prefix_path.sh
[0.734s] -- Up-to-date: /home/nvidia/f1tenth_ws/install/pure_pursuit/share/pure_pursuit/environment/ament_prefix_path.dsv
[0.735s] -- Up-to-date: /home/nvidia/f1tenth_ws/install/pure_pursuit/share/pure_pursuit/environment/path.sh
[0.735s] -- Up-to-date: /home/nvidia/f1tenth_ws/install/pure_pursuit/share/pure_pursuit/environment/path.dsv
[0.736s] -- Up-to-date: /home/nvidia/f1tenth_ws/install/pure_pursuit/share/pure_pursuit/local_setup.bash
[0.736s] -- Up-to-date: /home/nvidia/f1tenth_ws/install/pure_pursuit/share/pure_pursuit/local_setup.sh
[0.736s] -- Up-to-date: /home/nvidia/f1tenth_ws/install/pure_pursuit/share/pure_pursuit/local_setup.zsh
[0.737s] -- Up-to-date: /home/nvidia/f1tenth_ws/install/pure_pursuit/share/pure_pursuit/local_setup.dsv
[0.737s] -- Installing: /home/nvidia/f1tenth_ws/install/pure_pursuit/share/pure_pursuit/package.dsv
[0.738s] -- Up-to-date: /home/nvidia/f1tenth_ws/install/pure_pursuit/share/ament_index/resource_index/packages/pure_pursuit
[0.738s] -- Up-to-date: /home/nvidia/f1tenth_ws/install/pure_pursuit/share/pure_pursuit/cmake/pure_pursuitConfig.cmake
[0.739s] -- Up-to-date: /home/nvidia/f1tenth_ws/install/pure_pursuit/share/pure_pursuit/cmake/pure_pursuitConfig-version.cmake
[0.740s] -- Up-to-date: /home/nvidia/f1tenth_ws/install/pure_pursuit/share/pure_pursuit/package.xml
[0.746s] Invoked command in '/home/nvidia/f1tenth_ws/build/pure_pursuit' returned '0': /usr/bin/cmake --install /home/nvidia/f1tenth_ws/build/pure_pursuit
