running egg_info
creating ../../build/phasespace/phasespace.egg-info
writing ../../build/phasespace/phasespace.egg-info/PKG-INFO
writing dependency_links to ../../build/phasespace/phasespace.egg-info/dependency_links.txt
writing entry points to ../../build/phasespace/phasespace.egg-info/entry_points.txt
writing requirements to ../../build/phasespace/phasespace.egg-info/requires.txt
writing top-level names to ../../build/phasespace/phasespace.egg-info/top_level.txt
writing manifest file '../../build/phasespace/phasespace.egg-info/SOURCES.txt'
reading manifest file '../../build/phasespace/phasespace.egg-info/SOURCES.txt'
writing manifest file '../../build/phasespace/phasespace.egg-info/SOURCES.txt'
running build
running build_py
creating /home/nvidia/f1tenth_ws/build/phasespace/build
creating /home/nvidia/f1tenth_ws/build/phasespace/build/lib
creating /home/nvidia/f1tenth_ws/build/phasespace/build/lib/phasespace
copying phasespace/__init__.py -> /home/nvidia/f1tenth_ws/build/phasespace/build/lib/phasespace
copying phasespace/phasespace_node_ros2.py -> /home/nvidia/f1tenth_ws/build/phasespace/build/lib/phasespace
running install
running install_lib
creating /home/nvidia/f1tenth_ws/install/phasespace/lib/python3.8/site-packages/phasespace
copying /home/nvidia/f1tenth_ws/build/phasespace/build/lib/phasespace/__init__.py -> /home/nvidia/f1tenth_ws/install/phasespace/lib/python3.8/site-packages/phasespace
copying /home/nvidia/f1tenth_ws/build/phasespace/build/lib/phasespace/phasespace_node_ros2.py -> /home/nvidia/f1tenth_ws/install/phasespace/lib/python3.8/site-packages/phasespace
byte-compiling /home/nvidia/f1tenth_ws/install/phasespace/lib/python3.8/site-packages/phasespace/__init__.py to __init__.cpython-38.pyc
byte-compiling /home/nvidia/f1tenth_ws/install/phasespace/lib/python3.8/site-packages/phasespace/phasespace_node_ros2.py to phasespace_node_ros2.cpython-38.pyc
running install_data
creating /home/nvidia/f1tenth_ws/install/phasespace/share/ament_index
creating /home/nvidia/f1tenth_ws/install/phasespace/share/ament_index/resource_index
creating /home/nvidia/f1tenth_ws/install/phasespace/share/ament_index/resource_index/packages
copying resource/phasespace -> /home/nvidia/f1tenth_ws/install/phasespace/share/ament_index/resource_index/packages
copying package.xml -> /home/nvidia/f1tenth_ws/install/phasespace/share/phasespace
running install_egg_info
Copying ../../build/phasespace/phasespace.egg-info to /home/nvidia/f1tenth_ws/install/phasespace/lib/python3.8/site-packages/phasespace-0.0.0-py3.8.egg-info
running install_scripts
Installing phasespace_node script to /home/nvidia/f1tenth_ws/install/phasespace/lib/phasespace
writing list of installed files to '/home/nvidia/f1tenth_ws/build/phasespace/install.log'
