[10.256s] Invoking command in '/home/nvidia/f1tenth_ws/src/phasespace': PYTHONPATH=/home/nvidia/f1tenth_ws/build/phasespace/prefix_override:/usr/lib/python3/dist-packages/colcon_core/task/python/colcon_distutils_commands:/home/nvidia/f1tenth_ws/install/phasespace/lib/python3.8/site-packages:${PYTHONPATH} /usr/bin/python3 -W ignore:setup.py install is deprecated setup.py egg_info --egg-base ../../build/phasespace build --build-base /home/nvidia/f1tenth_ws/build/phasespace/build install --record /home/nvidia/f1tenth_ws/build/phasespace/install.log --install-scripts $base/lib/phasespace --single-version-externally-managed install_data
[12.533s] running egg_info
[12.539s] creating ../../build/phasespace/phasespace.egg-info
[12.562s] writing ../../build/phasespace/phasespace.egg-info/PKG-INFO
[12.565s] writing dependency_links to ../../build/phasespace/phasespace.egg-info/dependency_links.txt
[12.566s] writing entry points to ../../build/phasespace/phasespace.egg-info/entry_points.txt
[12.568s] writing requirements to ../../build/phasespace/phasespace.egg-info/requires.txt
[12.569s] writing top-level names to ../../build/phasespace/phasespace.egg-info/top_level.txt
[12.579s] writing manifest file '../../build/phasespace/phasespace.egg-info/SOURCES.txt'
[12.924s] reading manifest file '../../build/phasespace/phasespace.egg-info/SOURCES.txt'
[12.934s] writing manifest file '../../build/phasespace/phasespace.egg-info/SOURCES.txt'
[12.934s] running build
[12.935s] running build_py
[12.935s] creating /home/nvidia/f1tenth_ws/build/phasespace/build
[12.936s] creating /home/nvidia/f1tenth_ws/build/phasespace/build/lib
[12.937s] creating /home/nvidia/f1tenth_ws/build/phasespace/build/lib/phasespace
[12.938s] copying phasespace/__init__.py -> /home/nvidia/f1tenth_ws/build/phasespace/build/lib/phasespace
[12.938s] copying phasespace/phasespace_node_ros2.py -> /home/nvidia/f1tenth_ws/build/phasespace/build/lib/phasespace
[12.941s] running install
[12.945s] running install_lib
[12.952s] creating /home/nvidia/f1tenth_ws/install/phasespace/lib/python3.8/site-packages/phasespace
[12.954s] copying /home/nvidia/f1tenth_ws/build/phasespace/build/lib/phasespace/__init__.py -> /home/nvidia/f1tenth_ws/install/phasespace/lib/python3.8/site-packages/phasespace
[12.954s] copying /home/nvidia/f1tenth_ws/build/phasespace/build/lib/phasespace/phasespace_node_ros2.py -> /home/nvidia/f1tenth_ws/install/phasespace/lib/python3.8/site-packages/phasespace
[12.959s] byte-compiling /home/nvidia/f1tenth_ws/install/phasespace/lib/python3.8/site-packages/phasespace/__init__.py to __init__.cpython-38.pyc
[12.965s] byte-compiling /home/nvidia/f1tenth_ws/install/phasespace/lib/python3.8/site-packages/phasespace/phasespace_node_ros2.py to phasespace_node_ros2.cpython-38.pyc
[13.106s] running install_data
[13.107s] creating /home/nvidia/f1tenth_ws/install/phasespace/share/ament_index
[13.107s] creating /home/nvidia/f1tenth_ws/install/phasespace/share/ament_index/resource_index
[13.108s] creating /home/nvidia/f1tenth_ws/install/phasespace/share/ament_index/resource_index/packages
[13.109s] copying resource/phasespace -> /home/nvidia/f1tenth_ws/install/phasespace/share/ament_index/resource_index/packages
[13.110s] copying package.xml -> /home/nvidia/f1tenth_ws/install/phasespace/share/phasespace
[13.110s] running install_egg_info
[13.121s] Copying ../../build/phasespace/phasespace.egg-info to /home/nvidia/f1tenth_ws/install/phasespace/lib/python3.8/site-packages/phasespace-0.0.0-py3.8.egg-info
[13.129s] running install_scripts
[13.234s] Installing phasespace_node script to /home/nvidia/f1tenth_ws/install/phasespace/lib/phasespace
[13.238s] writing list of installed files to '/home/nvidia/f1tenth_ws/build/phasespace/install.log'
[13.489s] Invoked command in '/home/nvidia/f1tenth_ws/src/phasespace' returned '0': PYTHONPATH=/home/nvidia/f1tenth_ws/build/phasespace/prefix_override:/usr/lib/python3/dist-packages/colcon_core/task/python/colcon_distutils_commands:/home/nvidia/f1tenth_ws/install/phasespace/lib/python3.8/site-packages:${PYTHONPATH} /usr/bin/python3 -W ignore:setup.py install is deprecated setup.py egg_info --egg-base ../../build/phasespace build --build-base /home/nvidia/f1tenth_ws/build/phasespace/build install --record /home/nvidia/f1tenth_ws/build/phasespace/install.log --install-scripts $base/lib/phasespace --single-version-externally-managed install_data
